127.0.0.1 - - [12/May/2023:11:59:03 +0700] "GET / HTTP/1.1" 404 751
0:0:0:0:0:0:0:1 - - [12/May/2023:11:59:04 +0700] "GET /ManageStaffVinMart/ HTTP/1.1" 200 3611
0:0:0:0:0:0:0:1 - - [12/May/2023:11:59:04 +0700] "GET /favicon.ico HTTP/1.1" 404 762
0:0:0:0:0:0:0:1 - - [12/May/2023:11:59:08 +0700] "POST /ManageStaffVinMart/home.html HTTP/1.1" 302 -
0:0:0:0:0:0:0:1 - - [12/May/2023:11:59:08 +0700] "GET /ManageStaffVinMart/homepage1.html HTTP/1.1" 200 19821
0:0:0:0:0:0:0:1 - - [12/May/2023:11:59:08 +0700] "GET /ManageStaffVinMart/resources2/assets/images/logo-vinmart-inkythuatso.png HTTP/1.1" 404 839
0:0:0:0:0:0:0:1 - - [12/May/2023:11:59:12 +0700] "GET /ManageStaffVinMart/manageaccount.html HTTP/1.1" 200 34975
0:0:0:0:0:0:0:1 - - [12/May/2023:11:59:22 +0700] "POST /ManageStaffVinMart/manageaccount/add-account.html HTTP/1.1" 302 -
0:0:0:0:0:0:0:1 - - [12/May/2023:11:59:23 +0700] "GET /ManageStaffVinMart/manageaccount.html HTTP/1.1" 200 35004
0:0:0:0:0:0:0:1 - - [12/May/2023:12:00:21 +0700] "POST /ManageStaffVinMart/manageaccount/add-account.html HTTP/1.1" 302 -
0:0:0:0:0:0:0:1 - - [12/May/2023:12:00:21 +0700] "GET /ManageStaffVinMart/manageaccount.html HTTP/1.1" 200 35004
127.0.0.1 - - [12/May/2023:12:01:20 +0700] "GET / HTTP/1.1" 404 751
0:0:0:0:0:0:0:1 - - [12/May/2023:12:01:26 +0700] "GET /ManageStaffVinMart/manageaccount.html HTTP/1.1" 200 35009
0:0:0:0:0:0:0:1 - - [12/May/2023:12:01:30 +0700] "POST /ManageStaffVinMart/manageaccount/add-account.html HTTP/1.1" 302 -
0:0:0:0:0:0:0:1 - - [12/May/2023:12:01:31 +0700] "GET /ManageStaffVinMart/manageaccount.html HTTP/1.1" 200 35038
127.0.0.1 - - [12/May/2023:12:03:02 +0700] "GET / HTTP/1.1" 404 751
0:0:0:0:0:0:0:1 - - [12/May/2023:12:03:07 +0700] "GET /ManageStaffVinMart/manageaccount.html HTTP/1.1" 200 35037
0:0:0:0:0:0:0:1 - - [12/May/2023:12:03:10 +0700] "POST /ManageStaffVinMart/manageaccount/add-account.html HTTP/1.1" 302 -
0:0:0:0:0:0:0:1 - - [12/May/2023:12:03:10 +0700] "GET /ManageStaffVinMart/manageaccount.html HTTP/1.1" 200 35066
127.0.0.1 - - [12/May/2023:12:04:47 +0700] "GET / HTTP/1.1" 404 751
0:0:0:0:0:0:0:1 - - [12/May/2023:12:04:52 +0700] "GET /ManageStaffVinMart/manageaccount.html HTTP/1.1" 200 34984
0:0:0:0:0:0:0:1 - - [12/May/2023:12:04:55 +0700] "POST /ManageStaffVinMart/manageaccount/add-account.html HTTP/1.1" 302 -
0:0:0:0:0:0:0:1 - - [12/May/2023:12:04:55 +0700] "GET /ManageStaffVinMart/manageaccount.html HTTP/1.1" 200 35013
0:0:0:0:0:0:0:1 - - [12/May/2023:12:04:58 +0700] "GET /ManageStaffVinMart/manageaccount.html HTTP/1.1" 200 34984
0:0:0:0:0:0:0:1 - - [12/May/2023:12:05:01 +0700] "GET /ManageStaffVinMart/resources2/assets/libs/chartist/dist/chartist.min.js.map HTTP/1.1" 404 850
0:0:0:0:0:0:0:1 - - [12/May/2023:12:05:01 +0700] "GET /ManageStaffVinMart/resources2/assets/libs/bootstrap/dist/js/bootstrap.bundle.min.js.map HTTP/1.1" 404 866
0:0:0:0:0:0:0:1 - - [12/May/2023:12:05:01 +0700] "GET /ManageStaffVinMart/resources2/assets/libs/chartist-plugin-tooltips/dist/chartist-plugin-tooltip.min.js.map HTTP/1.1" 404 881
0:0:0:0:0:0:0:1 - - [12/May/2023:12:05:01 +0700] "GET /ManageStaffVinMart/resources2/dist/css/icons/material-design-iconic-font/css/materialdesignicons.min.css.map HTTP/1.1" 404 887
0:0:0:0:0:0:0:1 - - [12/May/2023:12:05:51 +0700] "GET /ManageStaffVinMart/manageaccount.html HTTP/1.1" 200 34984
0:0:0:0:0:0:0:1 - - [12/May/2023:12:05:56 +0700] "POST /ManageStaffVinMart/manageaccount/add-account.html HTTP/1.1" 302 -
0:0:0:0:0:0:0:1 - - [12/May/2023:12:05:56 +0700] "GET /ManageStaffVinMart/manageaccount.html HTTP/1.1" 200 35011
0:0:0:0:0:0:0:1 - - [12/May/2023:12:06:11 +0700] "POST /ManageStaffVinMart/manageaccount/add-account.html HTTP/1.1" 302 -
0:0:0:0:0:0:0:1 - - [12/May/2023:12:06:11 +0700] "GET /ManageStaffVinMart/manageaccount.html HTTP/1.1" 200 35013
127.0.0.1 - - [12/May/2023:12:07:20 +0700] "GET / HTTP/1.1" 404 751
0:0:0:0:0:0:0:1 - - [12/May/2023:12:07:26 +0700] "GET /ManageStaffVinMart/manageaccount.html HTTP/1.1" 200 35219
0:0:0:0:0:0:0:1 - - [12/May/2023:12:07:30 +0700] "POST /ManageStaffVinMart/manageaccount/add-account.html HTTP/1.1" 302 -
0:0:0:0:0:0:0:1 - - [12/May/2023:12:07:30 +0700] "GET /ManageStaffVinMart/manageaccount.html HTTP/1.1" 200 35248
0:0:0:0:0:0:0:1 - - [12/May/2023:12:07:35 +0700] "POST /ManageStaffVinMart/manageaccount/add-account.html HTTP/1.1" 302 -
0:0:0:0:0:0:0:1 - - [12/May/2023:12:07:35 +0700] "GET /ManageStaffVinMart/manageaccount.html HTTP/1.1" 200 35246
0:0:0:0:0:0:0:1 - - [12/May/2023:12:07:40 +0700] "POST /ManageStaffVinMart/manageaccount/add-account.html HTTP/1.1" 302 -
0:0:0:0:0:0:0:1 - - [12/May/2023:12:07:41 +0700] "GET /ManageStaffVinMart/manageaccount.html HTTP/1.1" 200 35246
127.0.0.1 - - [12/May/2023:12:09:02 +0700] "GET / HTTP/1.1" 404 751
0:0:0:0:0:0:0:1 - - [12/May/2023:12:09:06 +0700] "GET /ManageStaffVinMart/manageaccount.html HTTP/1.1" 200 35216
0:0:0:0:0:0:0:1 - - [12/May/2023:12:09:09 +0700] "POST /ManageStaffVinMart/manageaccount/add-account.html HTTP/1.1" 302 -
0:0:0:0:0:0:0:1 - - [12/May/2023:12:09:10 +0700] "GET /ManageStaffVinMart/manageaccount.html HTTP/1.1" 200 35245
0:0:0:0:0:0:0:1 - - [12/May/2023:12:09:20 +0700] "POST /ManageStaffVinMart/manageaccount/add-account.html HTTP/1.1" 302 -
0:0:0:0:0:0:0:1 - - [12/May/2023:12:09:20 +0700] "GET /ManageStaffVinMart/manageaccount.html HTTP/1.1" 200 35243
127.0.0.1 - - [12/May/2023:12:12:10 +0700] "GET / HTTP/1.1" 404 751
0:0:0:0:0:0:0:1 - - [12/May/2023:12:12:15 +0700] "GET /ManageStaffVinMart/manageaccount.html HTTP/1.1" 200 35323
0:0:0:0:0:0:0:1 - - [12/May/2023:12:12:18 +0700] "GET /ManageStaffVinMart/manageaccount.html HTTP/1.1" 200 35323
0:0:0:0:0:0:0:1 - - [12/May/2023:12:12:22 +0700] "POST /ManageStaffVinMart/manageaccount/add-account.html HTTP/1.1" 302 -
0:0:0:0:0:0:0:1 - - [12/May/2023:12:12:22 +0700] "GET /ManageStaffVinMart/manageaccount.html HTTP/1.1" 200 35350
127.0.0.1 - - [12/May/2023:12:12:40 +0700] "GET / HTTP/1.1" 404 751
0:0:0:0:0:0:0:1 - - [12/May/2023:12:12:44 +0700] "GET /ManageStaffVinMart/manageaccount.html HTTP/1.1" 200 35326
0:0:0:0:0:0:0:1 - - [12/May/2023:12:12:48 +0700] "POST /ManageStaffVinMart/manageaccount/add-account.html HTTP/1.1" 302 -
0:0:0:0:0:0:0:1 - - [12/May/2023:12:12:48 +0700] "GET /ManageStaffVinMart/manageaccount.html HTTP/1.1" 200 35353
127.0.0.1 - - [12/May/2023:12:14:50 +0700] "GET / HTTP/1.1" 404 751
0:0:0:0:0:0:0:1 - - [12/May/2023:12:14:56 +0700] "GET /ManageStaffVinMart/manageaccount.html HTTP/1.1" 200 35326
0:0:0:0:0:0:0:1 - - [12/May/2023:12:14:59 +0700] "POST /ManageStaffVinMart/manageaccount/add-account.html HTTP/1.1" 302 -
0:0:0:0:0:0:0:1 - - [12/May/2023:12:15:00 +0700] "GET /ManageStaffVinMart/manageaccount.html HTTP/1.1" 200 35353
0:0:0:0:0:0:0:1 - - [12/May/2023:12:15:05 +0700] "POST /ManageStaffVinMart/manageaccount/add-account.html HTTP/1.1" 302 -
0:0:0:0:0:0:0:1 - - [12/May/2023:12:15:05 +0700] "GET /ManageStaffVinMart/manageaccount.html HTTP/1.1" 200 35355
127.0.0.1 - - [12/May/2023:12:17:57 +0700] "GET / HTTP/1.1" 404 751
0:0:0:0:0:0:0:1 - - [12/May/2023:12:18:04 +0700] "GET /ManageStaffVinMart/manageaccount.html HTTP/1.1" 200 35350
0:0:0:0:0:0:0:1 - - [12/May/2023:12:18:08 +0700] "POST /ManageStaffVinMart/manageaccount/add-account.html HTTP/1.1" 302 -
0:0:0:0:0:0:0:1 - - [12/May/2023:12:18:08 +0700] "GET /ManageStaffVinMart/manageaccount.html HTTP/1.1" 200 35377
127.0.0.1 - - [12/May/2023:12:19:29 +0700] "GET / HTTP/1.1" 404 751
0:0:0:0:0:0:0:1 - - [12/May/2023:12:19:34 +0700] "GET /ManageStaffVinMart/manageaccount.html HTTP/1.1" 200 35558
0:0:0:0:0:0:0:1 - - [12/May/2023:12:19:38 +0700] "POST /ManageStaffVinMart/manageaccount/add-account.html HTTP/1.1" 302 -
0:0:0:0:0:0:0:1 - - [12/May/2023:12:19:38 +0700] "GET /ManageStaffVinMart/manageaccount.html HTTP/1.1" 200 35585
0:0:0:0:0:0:0:1 - - [12/May/2023:12:19:45 +0700] "POST /ManageStaffVinMart/manageaccount/add-account.html HTTP/1.1" 302 -
0:0:0:0:0:0:0:1 - - [12/May/2023:12:19:45 +0700] "GET /ManageStaffVinMart/manageaccount.html HTTP/1.1" 200 35585
0:0:0:0:0:0:0:1 - - [12/May/2023:12:19:51 +0700] "POST /ManageStaffVinMart/manageaccount/add-account.html HTTP/1.1" 302 -
0:0:0:0:0:0:0:1 - - [12/May/2023:12:19:51 +0700] "GET /ManageStaffVinMart/manageaccount.html HTTP/1.1" 200 35585
0:0:0:0:0:0:0:1 - - [12/May/2023:12:19:56 +0700] "POST /ManageStaffVinMart/manageaccount/add-account.html HTTP/1.1" 302 -
0:0:0:0:0:0:0:1 - - [12/May/2023:12:19:56 +0700] "GET /ManageStaffVinMart/manageaccount.html HTTP/1.1" 200 35585
0:0:0:0:0:0:0:1 - - [12/May/2023:12:20:03 +0700] "POST /ManageStaffVinMart/manageaccount/add-account.html HTTP/1.1" 302 -
0:0:0:0:0:0:0:1 - - [12/May/2023:12:20:03 +0700] "GET /ManageStaffVinMart/manageaccount.html HTTP/1.1" 200 35587
0:0:0:0:0:0:0:1 - - [12/May/2023:12:20:07 +0700] "POST /ManageStaffVinMart/manageaccount/add-account.html HTTP/1.1" 302 -
0:0:0:0:0:0:0:1 - - [12/May/2023:12:20:07 +0700] "GET /ManageStaffVinMart/manageaccount.html HTTP/1.1" 200 35585
0:0:0:0:0:0:0:1 - - [12/May/2023:12:20:16 +0700] "POST /ManageStaffVinMart/manageaccount/add-account.html HTTP/1.1" 302 -
0:0:0:0:0:0:0:1 - - [12/May/2023:12:20:16 +0700] "GET /ManageStaffVinMart/manageaccount.html HTTP/1.1" 200 35585
127.0.0.1 - - [12/May/2023:12:21:59 +0700] "GET / HTTP/1.1" 404 751
0:0:0:0:0:0:0:1 - - [12/May/2023:12:22:05 +0700] "GET /ManageStaffVinMart/manageaccount.html HTTP/1.1" 200 35415
0:0:0:0:0:0:0:1 - - [12/May/2023:12:22:12 +0700] "POST /ManageStaffVinMart/manageaccount/add-account.html HTTP/1.1" 400 762
0:0:0:0:0:0:0:1 - - [12/May/2023:12:22:21 +0700] "POST /ManageStaffVinMart/manageaccount/add-account.html HTTP/1.1" 302 -
0:0:0:0:0:0:0:1 - - [12/May/2023:12:22:21 +0700] "GET /ManageStaffVinMart/manageaccount.html HTTP/1.1" 200 35458
0:0:0:0:0:0:0:1 - - [12/May/2023:12:22:49 +0700] "POST /ManageStaffVinMart/manageaccount/add-account.html HTTP/1.1" 400 762
0:0:0:0:0:0:0:1 - - [12/May/2023:12:22:59 +0700] "POST /ManageStaffVinMart/manageaccount/add-account.html HTTP/1.1" 400 762
0:0:0:0:0:0:0:1 - - [12/May/2023:12:23:05 +0700] "GET /ManageStaffVinMart/manageaccount.html HTTP/1.1" 200 35415
0:0:0:0:0:0:0:1 - - [12/May/2023:12:23:10 +0700] "POST /ManageStaffVinMart/manageaccount/add-account.html HTTP/1.1" 400 762
127.0.0.1 - - [12/May/2023:12:23:42 +0700] "GET / HTTP/1.1" 404 751
0:0:0:0:0:0:0:1 - - [12/May/2023:12:23:47 +0700] "GET /ManageStaffVinMart/manageaccount.html HTTP/1.1" 200 35412
127.0.0.1 - - [12/May/2023:12:26:25 +0700] "GET / HTTP/1.1" 404 751
0:0:0:0:0:0:0:1 - - [12/May/2023:12:26:30 +0700] "GET /ManageStaffVinMart/manageaccount.html HTTP/1.1" 200 34849
0:0:0:0:0:0:0:1 - - [12/May/2023:12:26:38 +0700] "POST /ManageStaffVinMart/manageaccount/add-account.html HTTP/1.1" 302 -
0:0:0:0:0:0:0:1 - - [12/May/2023:12:26:39 +0700] "GET /ManageStaffVinMart/manageaccount.html HTTP/1.1" 200 34878
0:0:0:0:0:0:0:1 - - [12/May/2023:12:26:43 +0700] "POST /ManageStaffVinMart/manageaccount/add-account.html HTTP/1.1" 302 -
0:0:0:0:0:0:0:1 - - [12/May/2023:12:26:43 +0700] "GET /ManageStaffVinMart/manageaccount.html HTTP/1.1" 200 34876
0:0:0:0:0:0:0:1 - - [12/May/2023:12:26:51 +0700] "GET /ManageStaffVinMart/pages-profile.html HTTP/1.1" 200 31361
0:0:0:0:0:0:0:1 - - [12/May/2023:12:26:51 +0700] "GET /ManageStaffVinMart/resources/resources2/assets/images/logo-vinmart-inkythuatso.png HTTP/1.1" 404 853
127.0.0.1 - - [12/May/2023:12:28:11 +0700] "GET / HTTP/1.1" 404 751
0:0:0:0:0:0:0:1 - - [12/May/2023:12:28:16 +0700] "GET /ManageStaffVinMart/pages-profile.html HTTP/1.1" 200 31569
127.0.0.1 - - [12/May/2023:12:29:13 +0700] "GET / HTTP/1.1" 404 751
0:0:0:0:0:0:0:1 - - [12/May/2023:12:29:17 +0700] "GET /ManageStaffVinMart/pages-profile.html HTTP/1.1" 200 31588
0:0:0:0:0:0:0:1 - - [12/May/2023:12:30:37 +0700] "POST /ManageStaffVinMart/pages-profile/delete-staff.html HTTP/1.1" 302 -
0:0:0:0:0:0:0:1 - - [12/May/2023:12:30:37 +0700] "GET /ManageStaffVinMart/pages-profile.html HTTP/1.1" 200 31622
0:0:0:0:0:0:0:1 - - [12/May/2023:12:31:51 +0700] "POST /ManageStaffVinMart/pages-profile/add-staff.html HTTP/1.1" 302 -
0:0:0:0:0:0:0:1 - - [12/May/2023:12:31:52 +0700] "GET /ManageStaffVinMart/pages-profile.html HTTP/1.1" 200 32251
0:0:0:0:0:0:0:1 - - [12/May/2023:12:31:59 +0700] "POST /ManageStaffVinMart/pages-profile/delete-staff.html HTTP/1.1" 302 -
0:0:0:0:0:0:0:1 - - [12/May/2023:12:31:59 +0700] "GET /ManageStaffVinMart/pages-profile.html HTTP/1.1" 200 31617
0:0:0:0:0:0:0:1 - - [12/May/2023:12:32:06 +0700] "GET /ManageStaffVinMart/form-basic.html HTTP/1.1" 200 27904
0:0:0:0:0:0:0:1 - - [12/May/2023:12:32:40 +0700] "POST /ManageStaffVinMart/pages-profile/add-salary.html HTTP/1.1" 302 -
0:0:0:0:0:0:0:1 - - [12/May/2023:12:32:40 +0700] "GET /ManageStaffVinMart/form-basic.html HTTP/1.1" 200 27928
0:0:0:0:0:0:0:1 - - [12/May/2023:12:32:45 +0700] "GET /ManageStaffVinMart/table-basic.html HTTP/1.1" 200 26123
0:0:0:0:0:0:0:1 - - [12/May/2023:12:32:45 +0700] "GET /ManageStaffVinMart/resources2/assets/images/logo-vinmart-inkythuatso/logo-vinmart-inkythuatso.png HTTP/1.1" 404 868
0:0:0:0:0:0:0:1 - - [12/May/2023:12:32:59 +0700] "POST /ManageStaffVinMart/timetable/add-contract.html HTTP/1.1" 302 -
0:0:0:0:0:0:0:1 - - [12/May/2023:12:32:59 +0700] "GET /ManageStaffVinMart/table-basic.html HTTP/1.1" 200 26176
0:0:0:0:0:0:0:1 - - [12/May/2023:12:33:03 +0700] "GET /ManageStaffVinMart/thongbao.html HTTP/1.1" 200 26668
0:0:0:0:0:0:0:1 - - [12/May/2023:12:33:20 +0700] "POST /ManageStaffVinMart/pages-profile/add-thongbao.html HTTP/1.1" 302 -
0:0:0:0:0:0:0:1 - - [12/May/2023:12:33:20 +0700] "GET /ManageStaffVinMart/thongbao.html HTTP/1.1" 200 26740
0:0:0:0:0:0:0:1 - - [12/May/2023:12:33:29 +0700] "GET /ManageStaffVinMart/quanlylichlamviec.html HTTP/1.1" 200 23462
127.0.0.1 - - [12/May/2023:13:13:35 +0700] "GET / HTTP/1.1" 404 751
0:0:0:0:0:0:0:1 - - [12/May/2023:13:13:40 +0700] "GET /ManageStaffVinMart/ HTTP/1.1" 200 3611
0:0:0:0:0:0:0:1 - - [12/May/2023:13:13:44 +0700] "POST /ManageStaffVinMart/home.html HTTP/1.1" 302 -
0:0:0:0:0:0:0:1 - - [12/May/2023:13:13:44 +0700] "GET /ManageStaffVinMart/homepage1.html HTTP/1.1" 200 19821
0:0:0:0:0:0:0:1 - - [12/May/2023:13:13:46 +0700] "GET /ManageStaffVinMart/manageaccount.html HTTP/1.1" 200 34849
0:0:0:0:0:0:0:1 - - [12/May/2023:13:13:50 +0700] "GET /ManageStaffVinMart/quanlylichlamviec.html HTTP/1.1" 200 23648
0:0:0:0:0:0:0:1 - - [12/May/2023:13:14:42 +0700] "POST /ManageStaffVinMart/quanlylichlamviec/create-lichlamviec.html HTTP/1.1" 302 -
0:0:0:0:0:0:0:1 - - [12/May/2023:13:14:42 +0700] "GET /ManageStaffVinMart/quanlylichlamviec.html HTTP/1.1" 200 23718
127.0.0.1 - - [12/May/2023:13:39:22 +0700] "GET / HTTP/1.1" 404 751
0:0:0:0:0:0:0:1 - - [12/May/2023:13:39:23 +0700] "GET /ManageStaffVinMart/ HTTP/1.1" 200 3611
0:0:0:0:0:0:0:1 - - [12/May/2023:13:39:27 +0700] "POST /ManageStaffVinMart/home.html HTTP/1.1" 302 -
0:0:0:0:0:0:0:1 - - [12/May/2023:13:39:27 +0700] "GET /ManageStaffVinMart/homepage1.html HTTP/1.1" 200 19821
0:0:0:0:0:0:0:1 - - [12/May/2023:13:39:36 +0700] "GET /ManageStaffVinMart/quanlylichlamviec.html HTTP/1.1" 200 23717
0:0:0:0:0:0:0:1 - - [12/May/2023:13:40:00 +0700] "POST /ManageStaffVinMart/quanlylichlamviec/create-lichlamviec.html HTTP/1.1" 302 -
0:0:0:0:0:0:0:1 - - [12/May/2023:13:40:00 +0700] "GET /ManageStaffVinMart/quanlylichlamviec.html HTTP/1.1" 200 23791
0:0:0:0:0:0:0:1 - - [12/May/2023:13:40:03 +0700] "GET /ManageStaffVinMart/resources2/assets/libs/bootstrap/dist/js/bootstrap.bundle.min.js.map HTTP/1.1" 404 866
0:0:0:0:0:0:0:1 - - [12/May/2023:13:40:03 +0700] "GET /ManageStaffVinMart/resources2/dist/css/icons/material-design-iconic-font/css/materialdesignicons.min.css.map HTTP/1.1" 404 887
0:0:0:0:0:0:0:1 - - [12/May/2023:13:41:10 +0700] "POST /ManageStaffVinMart/quanlylichlamviec/create-lichlamviec.html HTTP/1.1" 302 -
0:0:0:0:0:0:0:1 - - [12/May/2023:13:41:10 +0700] "GET /ManageStaffVinMart/quanlylichlamviec.html HTTP/1.1" 200 23905
0:0:0:0:0:0:0:1 - - [12/May/2023:13:41:27 +0700] "POST /ManageStaffVinMart/quanlylichlamviec/create-lichlamviec.html HTTP/1.1" 302 -
0:0:0:0:0:0:0:1 - - [12/May/2023:13:41:27 +0700] "GET /ManageStaffVinMart/quanlylichlamviec.html HTTP/1.1" 200 23976
127.0.0.1 - - [12/May/2023:13:42:24 +0700] "GET / HTTP/1.1" 404 751
0:0:0:0:0:0:0:1 - - [12/May/2023:13:42:27 +0700] "GET /ManageStaffVinMart/quanlylichlamviec.html HTTP/1.1" 200 23902
0:0:0:0:0:0:0:1 - - [12/May/2023:13:42:28 +0700] "GET /ManageStaffVinMart/homepage1.html HTTP/1.1" 200 19821
0:0:0:0:0:0:0:1 - - [12/May/2023:13:42:30 +0700] "GET /ManageStaffVinMart/quanlylichlamviec.html HTTP/1.1" 200 23902
127.0.0.1 - - [12/May/2023:13:43:24 +0700] "GET / HTTP/1.1" 404 751
0:0:0:0:0:0:0:1 - - [12/May/2023:13:43:31 +0700] "GET /ManageStaffVinMart/quanlylichlamviec.html HTTP/1.1" 200 23887
0:0:0:0:0:0:0:1 - - [12/May/2023:13:43:33 +0700] "GET /ManageStaffVinMart/thongbao.html HTTP/1.1" 200 26668
0:0:0:0:0:0:0:1 - - [12/May/2023:13:43:35 +0700] "GET /ManageStaffVinMart/quanlylichlamviec.html HTTP/1.1" 200 23887
0:0:0:0:0:0:0:1 - - [12/May/2023:13:43:38 +0700] "GET /ManageStaffVinMart/resources2/assets/libs/bootstrap/dist/js/bootstrap.bundle.min.js.map HTTP/1.1" 404 866
0:0:0:0:0:0:0:1 - - [12/May/2023:13:43:38 +0700] "GET /ManageStaffVinMart/resources2/dist/css/icons/material-design-iconic-font/css/materialdesignicons.min.css.map HTTP/1.1" 404 887
127.0.0.1 - - [12/May/2023:13:44:35 +0700] "GET / HTTP/1.1" 404 751
0:0:0:0:0:0:0:1 - - [12/May/2023:13:44:40 +0700] "GET /ManageStaffVinMart/quanlylichlamviec.html HTTP/1.1" 200 23895
0:0:0:0:0:0:0:1 - - [12/May/2023:13:44:40 +0700] "GET /ManageStaffVinMart/resources2/dist/css/icons/material-design-iconic-font/css/materialdesignicons.min.css.map HTTP/1.1" 404 887
0:0:0:0:0:0:0:1 - - [12/May/2023:13:44:43 +0700] "GET /ManageStaffVinMart/quanlylichlamviec.html HTTP/1.1" 200 23895
0:0:0:0:0:0:0:1 - - [12/May/2023:13:44:43 +0700] "GET /ManageStaffVinMart/resources2/dist/css/icons/material-design-iconic-font/css/materialdesignicons.min.css.map HTTP/1.1" 404 887
0:0:0:0:0:0:0:1 - - [12/May/2023:13:44:45 +0700] "GET /ManageStaffVinMart/table-basic.html HTTP/1.1" 200 26123
0:0:0:0:0:0:0:1 - - [12/May/2023:13:44:45 +0700] "GET /ManageStaffVinMart/resources2/dist/css/icons/material-design-iconic-font/css/materialdesignicons.min.css.map HTTP/1.1" 404 887
0:0:0:0:0:0:0:1 - - [12/May/2023:13:44:47 +0700] "GET /ManageStaffVinMart/quanlylichlamviec.html HTTP/1.1" 200 23895
0:0:0:0:0:0:0:1 - - [12/May/2023:13:44:48 +0700] "GET /ManageStaffVinMart/resources2/dist/css/icons/material-design-iconic-font/css/materialdesignicons.min.css.map HTTP/1.1" 404 887
127.0.0.1 - - [12/May/2023:13:45:25 +0700] "GET / HTTP/1.1" 404 751
127.0.0.1 - - [12/May/2023:13:46:11 +0700] "GET / HTTP/1.1" 404 751
0:0:0:0:0:0:0:1 - - [12/May/2023:13:46:15 +0700] "GET /ManageStaffVinMart/quanlylichlamviec.html HTTP/1.1" 200 23833
0:0:0:0:0:0:0:1 - - [12/May/2023:13:46:15 +0700] "GET /ManageStaffVinMart/resources2/dist/css/icons/material-design-iconic-font/css/materialdesignicons.min.css.map HTTP/1.1" 404 887
0:0:0:0:0:0:0:1 - - [12/May/2023:13:46:31 +0700] "GET /ManageStaffVinMart/pages-profile.html HTTP/1.1" 200 31588
0:0:0:0:0:0:0:1 - - [12/May/2023:13:46:32 +0700] "GET /ManageStaffVinMart/resources2/dist/css/icons/material-design-iconic-font/css/materialdesignicons.min.css.map HTTP/1.1" 404 887
0:0:0:0:0:0:0:1 - - [12/May/2023:13:46:36 +0700] "GET /ManageStaffVinMart/quanlylichlamviec.html HTTP/1.1" 200 23833
0:0:0:0:0:0:0:1 - - [12/May/2023:13:46:36 +0700] "GET /ManageStaffVinMart/resources2/dist/css/icons/material-design-iconic-font/css/materialdesignicons.min.css.map HTTP/1.1" 404 887
127.0.0.1 - - [12/May/2023:13:47:32 +0700] "GET / HTTP/1.1" 404 751
0:0:0:0:0:0:0:1 - - [12/May/2023:13:47:36 +0700] "GET /ManageStaffVinMart/quanlylichlamviec.html HTTP/1.1" 200 23824
0:0:0:0:0:0:0:1 - - [12/May/2023:13:47:36 +0700] "GET /ManageStaffVinMart/resources2/dist/css/icons/material-design-iconic-font/css/materialdesignicons.min.css.map HTTP/1.1" 404 887
0:0:0:0:0:0:0:1 - - [12/May/2023:13:48:42 +0700] "POST /ManageStaffVinMart/quanlylichlamviec/create-lichlamviec.html HTTP/1.1" 302 -
0:0:0:0:0:0:0:1 - - [12/May/2023:13:48:42 +0700] "GET /ManageStaffVinMart/quanlylichlamviec.html HTTP/1.1" 200 23894
127.0.0.1 - - [12/May/2023:13:49:41 +0700] "GET / HTTP/1.1" 404 751
0:0:0:0:0:0:0:1 - - [12/May/2023:13:49:45 +0700] "GET /ManageStaffVinMart/quanlylichlamviec.html HTTP/1.1" 200 23903
0:0:0:0:0:0:0:1 - - [12/May/2023:13:50:00 +0700] "POST /ManageStaffVinMart/quanlylichlamviec/create-lichlamviec.html HTTP/1.1" 302 -
0:0:0:0:0:0:0:1 - - [12/May/2023:13:50:00 +0700] "GET /ManageStaffVinMart/quanlylichlamviec.html HTTP/1.1" 200 23976
0:0:0:0:0:0:0:1 - - [12/May/2023:13:50:18 +0700] "POST /ManageStaffVinMart/quanlylichlamviec/create-lichlamviec.html HTTP/1.1" 302 -
0:0:0:0:0:0:0:1 - - [12/May/2023:13:50:18 +0700] "GET /ManageStaffVinMart/quanlylichlamviec.html HTTP/1.1" 200 23975
0:0:0:0:0:0:0:1 - - [12/May/2023:13:50:24 +0700] "GET /ManageStaffVinMart/resources2/assets/libs/bootstrap/dist/js/bootstrap.bundle.min.js.map HTTP/1.1" 404 866
0:0:0:0:0:0:0:1 - - [12/May/2023:13:50:24 +0700] "GET /ManageStaffVinMart/resources2/dist/css/icons/material-design-iconic-font/css/materialdesignicons.min.css.map HTTP/1.1" 404 887
127.0.0.1 - - [12/May/2023:13:51:10 +0700] "GET / HTTP/1.1" 404 751
0:0:0:0:0:0:0:1 - - [12/May/2023:13:51:16 +0700] "GET /ManageStaffVinMart/quanlylichlamviec.html HTTP/1.1" 200 24091
0:0:0:0:0:0:0:1 - - [12/May/2023:13:51:17 +0700] "GET /ManageStaffVinMart/resources2/dist/css/icons/material-design-iconic-font/css/materialdesignicons.min.css.map HTTP/1.1" 404 887
0:0:0:0:0:0:0:1 - - [12/May/2023:13:51:38 +0700] "POST /ManageStaffVinMart/quanlylichlamviec/create-lichlamviec.html HTTP/1.1" 302 -
0:0:0:0:0:0:0:1 - - [12/May/2023:13:51:38 +0700] "GET /ManageStaffVinMart/quanlylichlamviec.html HTTP/1.1" 200 24163
127.0.0.1 - - [12/May/2023:13:52:33 +0700] "GET / HTTP/1.1" 404 751
127.0.0.1 - - [12/May/2023:14:39:26 +0700] "GET / HTTP/1.1" 404 751
0:0:0:0:0:0:0:1 - - [12/May/2023:14:39:32 +0700] "GET /ManageStaffVinMart/quanlylichlamviec.html HTTP/1.1" 200 24012
127.0.0.1 - - [12/May/2023:14:40:22 +0700] "GET / HTTP/1.1" 404 751
0:0:0:0:0:0:0:1 - - [12/May/2023:14:40:28 +0700] "GET /ManageStaffVinMart/quanlylichlamviec.html HTTP/1.1" 200 24074
0:0:0:0:0:0:0:1 - - [12/May/2023:14:40:38 +0700] "POST /ManageStaffVinMart/quanlylichlamviec/create-lichlamviec.html HTTP/1.1" 302 -
0:0:0:0:0:0:0:1 - - [12/May/2023:14:40:38 +0700] "GET /ManageStaffVinMart/quanlylichlamviec.html HTTP/1.1" 200 24109
0:0:0:0:0:0:0:1 - - [12/May/2023:14:41:18 +0700] "POST /ManageStaffVinMart/quanlylichlamviec/create-lichlamviec.html HTTP/1.1" 302 -
0:0:0:0:0:0:0:1 - - [12/May/2023:14:41:18 +0700] "GET /ManageStaffVinMart/quanlylichlamviec.html HTTP/1.1" 200 24259
0:0:0:0:0:0:0:1 - - [12/May/2023:14:42:23 +0700] "GET /ManageStaffVinMart/quanlylichlamviec.html HTTP/1.1" 200 23704
0:0:0:0:0:0:0:1 - - [12/May/2023:14:43:30 +0700] "GET /ManageStaffVinMart/quanlylichlamviec.html HTTP/1.1" 200 23704
0:0:0:0:0:0:0:1 - - [12/May/2023:14:43:56 +0700] "POST /ManageStaffVinMart/quanlylichlamviec/create-lichlamviec.html HTTP/1.1" 302 -
0:0:0:0:0:0:0:1 - - [12/May/2023:14:43:56 +0700] "GET /ManageStaffVinMart/quanlylichlamviec.html HTTP/1.1" 200 23889
0:0:0:0:0:0:0:1 - - [12/May/2023:14:44:18 +0700] "GET /ManageStaffVinMart/quanlylichlamviec.html HTTP/1.1" 200 23704
127.0.0.1 - - [12/May/2023:15:06:12 +0700] "GET / HTTP/1.1" 404 751
0:0:0:0:0:0:0:1 - - [12/May/2023:15:06:16 +0700] "GET /ManageStaffVinMart/quanlylichlamviec.html HTTP/1.1" 200 23914
0:0:0:0:0:0:0:1 - - [12/May/2023:15:07:05 +0700] "POST /ManageStaffVinMart/quanlylichlamviec/create-lichlamviec.html HTTP/1.1" 302 -
0:0:0:0:0:0:0:1 - - [12/May/2023:15:07:05 +0700] "GET /ManageStaffVinMart/quanlylichlamviec.html HTTP/1.1" 200 23918
0:0:0:0:0:0:0:1 - - [12/May/2023:15:07:13 +0700] "GET /ManageStaffVinMart/quanlylichlamviec.html HTTP/1.1" 200 23914
0:0:0:0:0:0:0:1 - - [12/May/2023:15:07:15 +0700] "GET /ManageStaffVinMart/thongbao.html HTTP/1.1" 200 26668
0:0:0:0:0:0:0:1 - - [12/May/2023:15:07:16 +0700] "GET /ManageStaffVinMart/quanlylichlamviec.html HTTP/1.1" 200 23914
0:0:0:0:0:0:0:1 - - [12/May/2023:15:07:18 +0700] "GET /ManageStaffVinMart/resources2/assets/libs/bootstrap/dist/js/bootstrap.bundle.min.js.map HTTP/1.1" 404 866
0:0:0:0:0:0:0:1 - - [12/May/2023:15:07:18 +0700] "GET /ManageStaffVinMart/resources2/dist/css/icons/material-design-iconic-font/css/materialdesignicons.min.css.map HTTP/1.1" 404 887
127.0.0.1 - - [12/May/2023:15:09:09 +0700] "GET / HTTP/1.1" 404 751
0:0:0:0:0:0:0:1 - - [12/May/2023:15:09:13 +0700] "GET /ManageStaffVinMart/quanlylichlamviec.html HTTP/1.1" 200 23918
0:0:0:0:0:0:0:1 - - [12/May/2023:15:09:13 +0700] "GET /ManageStaffVinMart/resources2/dist/css/icons/material-design-iconic-font/css/materialdesignicons.min.css.map HTTP/1.1" 404 887
0:0:0:0:0:0:0:1 - - [12/May/2023:15:09:47 +0700] "POST /ManageStaffVinMart/quanlylichlamviec/create-lichlamviec.html HTTP/1.1" 302 -
0:0:0:0:0:0:0:1 - - [12/May/2023:15:09:48 +0700] "GET /ManageStaffVinMart/quanlylichlamviec.html HTTP/1.1" 200 23922
127.0.0.1 - - [12/May/2023:15:12:39 +0700] "GET / HTTP/1.1" 404 751
0:0:0:0:0:0:0:1 - - [12/May/2023:15:12:44 +0700] "GET /ManageStaffVinMart/quanlylichlamviec.html HTTP/1.1" 200 23704
0:0:0:0:0:0:0:1 - - [12/May/2023:15:12:54 +0700] "POST /ManageStaffVinMart/quanlylichlamviec/create-lichlamviec.html HTTP/1.1" 302 -
0:0:0:0:0:0:0:1 - - [12/May/2023:15:12:54 +0700] "GET /ManageStaffVinMart/quanlylichlamviec.html HTTP/1.1" 200 23739
0:0:0:0:0:0:0:1 - - [12/May/2023:15:14:08 +0700] "POST /ManageStaffVinMart/quanlylichlamviec/create-lichlamviec.html HTTP/1.1" 302 -
0:0:0:0:0:0:0:1 - - [12/May/2023:15:14:08 +0700] "GET /ManageStaffVinMart/quanlylichlamviec.html HTTP/1.1" 200 23774
127.0.0.1 - - [12/May/2023:15:18:27 +0700] "GET / HTTP/1.1" 404 751
0:0:0:0:0:0:0:1 - - [12/May/2023:15:18:31 +0700] "GET /ManageStaffVinMart/quanlylichlamviec.html HTTP/1.1" 200 23704
0:0:0:0:0:0:0:1 - - [12/May/2023:15:18:34 +0700] "GET /ManageStaffVinMart/quanlylichlamviec.html HTTP/1.1" 200 23704
0:0:0:0:0:0:0:1 - - [12/May/2023:15:18:44 +0700] "POST /ManageStaffVinMart/quanlylichlamviec/create-lichlamviec.html HTTP/1.1" 302 -
0:0:0:0:0:0:0:1 - - [12/May/2023:15:18:44 +0700] "GET /ManageStaffVinMart/quanlylichlamviec.html HTTP/1.1" 200 23739
0:0:0:0:0:0:0:1 - - [12/May/2023:15:19:17 +0700] "POST /ManageStaffVinMart/quanlylichlamviec/create-lichlamviec.html HTTP/1.1" 302 -
0:0:0:0:0:0:0:1 - - [12/May/2023:15:19:17 +0700] "GET /ManageStaffVinMart/quanlylichlamviec.html HTTP/1.1" 200 23704
127.0.0.1 - - [12/May/2023:15:19:53 +0700] "GET / HTTP/1.1" 404 751
0:0:0:0:0:0:0:1 - - [12/May/2023:15:19:58 +0700] "GET /ManageStaffVinMart/quanlylichlamviec.html HTTP/1.1" 200 23704
0:0:0:0:0:0:0:1 - - [12/May/2023:15:20:28 +0700] "POST /ManageStaffVinMart/quanlylichlamviec/create-lichlamviec.html HTTP/1.1" 302 -
0:0:0:0:0:0:0:1 - - [12/May/2023:15:20:28 +0700] "GET /ManageStaffVinMart/quanlylichlamviec.html HTTP/1.1" 200 23704
0:0:0:0:0:0:0:1 - - [12/May/2023:15:21:02 +0700] "POST /ManageStaffVinMart/quanlylichlamviec/create-lichlamviec.html HTTP/1.1" 302 -
0:0:0:0:0:0:0:1 - - [12/May/2023:15:21:02 +0700] "GET /ManageStaffVinMart/quanlylichlamviec.html HTTP/1.1" 200 23704
127.0.0.1 - - [12/May/2023:15:21:31 +0700] "GET / HTTP/1.1" 404 751
0:0:0:0:0:0:0:1 - - [12/May/2023:15:21:34 +0700] "GET /ManageStaffVinMart/quanlylichlamviec.html HTTP/1.1" 200 23704
0:0:0:0:0:0:0:1 - - [12/May/2023:15:22:03 +0700] "POST /ManageStaffVinMart/quanlylichlamviec/create-lichlamviec.html HTTP/1.1" 302 -
0:0:0:0:0:0:0:1 - - [12/May/2023:15:22:03 +0700] "GET /ManageStaffVinMart/quanlylichlamviec.html HTTP/1.1" 200 23704
127.0.0.1 - - [12/May/2023:15:23:11 +0700] "GET / HTTP/1.1" 404 751
0:0:0:0:0:0:0:1 - - [12/May/2023:15:23:15 +0700] "GET /ManageStaffVinMart/quanlylichlamviec.html HTTP/1.1" 200 23760
0:0:0:0:0:0:0:1 - - [12/May/2023:15:23:47 +0700] "POST /ManageStaffVinMart/quanlylichlamviec/create-lichlamviec.html HTTP/1.1" 302 -
0:0:0:0:0:0:0:1 - - [12/May/2023:15:23:47 +0700] "GET /ManageStaffVinMart/quanlylichlamviec.html HTTP/1.1" 200 23762
127.0.0.1 - - [12/May/2023:15:35:21 +0700] "GET / HTTP/1.1" 404 751
0:0:0:0:0:0:0:1 - - [12/May/2023:15:35:25 +0700] "GET /ManageStaffVinMart/quanlylichlamviec.html HTTP/1.1" 200 23706
0:0:0:0:0:0:0:1 - - [12/May/2023:15:36:08 +0700] "POST /ManageStaffVinMart/quanlylichlamviec/create-lichlamviec.html HTTP/1.1" 302 -
0:0:0:0:0:0:0:1 - - [12/May/2023:15:36:08 +0700] "GET /ManageStaffVinMart/quanlylichlamviec.html HTTP/1.1" 200 23706
127.0.0.1 - - [12/May/2023:15:37:01 +0700] "GET / HTTP/1.1" 404 751
0:0:0:0:0:0:0:1 - - [12/May/2023:15:37:04 +0700] "GET /ManageStaffVinMart/quanlylichlamviec.html HTTP/1.1" 200 23706
0:0:0:0:0:0:0:1 - - [12/May/2023:15:37:14 +0700] "POST /ManageStaffVinMart/quanlylichlamviec/create-lichlamviec.html HTTP/1.1" 302 -
0:0:0:0:0:0:0:1 - - [12/May/2023:15:37:14 +0700] "GET /ManageStaffVinMart/quanlylichlamviec.html HTTP/1.1" 200 23741
0:0:0:0:0:0:0:1 - - [12/May/2023:15:37:46 +0700] "POST /ManageStaffVinMart/quanlylichlamviec/create-lichlamviec.html HTTP/1.1" 302 -
0:0:0:0:0:0:0:1 - - [12/May/2023:15:37:46 +0700] "GET /ManageStaffVinMart/quanlylichlamviec.html HTTP/1.1" 200 23706
0:0:0:0:0:0:0:1 - - [12/May/2023:15:38:11 +0700] "POST /ManageStaffVinMart/quanlylichlamviec/create-lichlamviec.html HTTP/1.1" 302 -
0:0:0:0:0:0:0:1 - - [12/May/2023:15:38:11 +0700] "GET /ManageStaffVinMart/quanlylichlamviec.html HTTP/1.1" 200 23706
0:0:0:0:0:0:0:1 - - [12/May/2023:15:38:45 +0700] "POST /ManageStaffVinMart/quanlylichlamviec/create-lichlamviec.html HTTP/1.1" 302 -
0:0:0:0:0:0:0:1 - - [12/May/2023:15:38:45 +0700] "GET /ManageStaffVinMart/quanlylichlamviec.html HTTP/1.1" 200 23706
127.0.0.1 - - [12/May/2023:15:41:36 +0700] "GET / HTTP/1.1" 404 751
0:0:0:0:0:0:0:1 - - [12/May/2023:15:41:39 +0700] "GET /ManageStaffVinMart/quanlylichlamviec.html HTTP/1.1" 200 23706
0:0:0:0:0:0:0:1 - - [12/May/2023:15:41:54 +0700] "POST /ManageStaffVinMart/quanlylichlamviec/create-lichlamviec.html HTTP/1.1" 302 -
0:0:0:0:0:0:0:1 - - [12/May/2023:15:41:55 +0700] "GET /ManageStaffVinMart/quanlylichlamviec.html HTTP/1.1" 200 23741
0:0:0:0:0:0:0:1 - - [12/May/2023:15:42:30 +0700] "POST /ManageStaffVinMart/quanlylichlamviec/create-lichlamviec.html HTTP/1.1" 302 -
0:0:0:0:0:0:0:1 - - [12/May/2023:15:42:30 +0700] "GET /ManageStaffVinMart/quanlylichlamviec.html HTTP/1.1" 200 23741
0:0:0:0:0:0:0:1 - - [12/May/2023:15:43:17 +0700] "POST /ManageStaffVinMart/quanlylichlamviec/create-lichlamviec.html HTTP/1.1" 302 -
0:0:0:0:0:0:0:1 - - [12/May/2023:15:43:17 +0700] "GET /ManageStaffVinMart/quanlylichlamviec.html HTTP/1.1" 200 23706
0:0:0:0:0:0:0:1 - - [12/May/2023:15:44:04 +0700] "POST /ManageStaffVinMart/quanlylichlamviec/create-lichlamviec.html HTTP/1.1" 302 -
0:0:0:0:0:0:0:1 - - [12/May/2023:15:44:05 +0700] "GET /ManageStaffVinMart/quanlylichlamviec.html HTTP/1.1" 200 23706
127.0.0.1 - - [12/May/2023:15:56:31 +0700] "GET / HTTP/1.1" 404 751
0:0:0:0:0:0:0:1 - - [12/May/2023:15:56:34 +0700] "GET /ManageStaffVinMart/quanlylichlamviec.html HTTP/1.1" 200 23706
0:0:0:0:0:0:0:1 - - [12/May/2023:15:56:37 +0700] "GET /ManageStaffVinMart/quanlylichlamviec.html HTTP/1.1" 200 23706
0:0:0:0:0:0:0:1 - - [12/May/2023:15:56:45 +0700] "POST /ManageStaffVinMart/quanlylichlamviec/create-lichlamviec.html HTTP/1.1" 302 -
0:0:0:0:0:0:0:1 - - [12/May/2023:15:56:45 +0700] "GET /ManageStaffVinMart/quanlylichlamviec.html HTTP/1.1" 200 23741
0:0:0:0:0:0:0:1 - - [12/May/2023:15:57:18 +0700] "POST /ManageStaffVinMart/quanlylichlamviec/create-lichlamviec.html HTTP/1.1" 302 -
0:0:0:0:0:0:0:1 - - [12/May/2023:15:57:18 +0700] "GET /ManageStaffVinMart/quanlylichlamviec.html HTTP/1.1" 200 23706
127.0.0.1 - - [12/May/2023:15:57:46 +0700] "GET / HTTP/1.1" 404 751
0:0:0:0:0:0:0:1 - - [12/May/2023:15:57:57 +0700] "POST /ManageStaffVinMart/quanlylichlamviec/create-lichlamviec.html HTTP/1.1" 302 -
0:0:0:0:0:0:0:1 - - [12/May/2023:15:57:58 +0700] "GET /ManageStaffVinMart/quanlylichlamviec.html HTTP/1.1" 200 23741
0:0:0:0:0:0:0:1 - - [12/May/2023:15:58:15 +0700] "POST /ManageStaffVinMart/quanlylichlamviec/create-lichlamviec.html HTTP/1.1" 302 -
0:0:0:0:0:0:0:1 - - [12/May/2023:15:58:15 +0700] "GET /ManageStaffVinMart/quanlylichlamviec.html HTTP/1.1" 200 23741
0:0:0:0:0:0:0:1 - - [12/May/2023:15:58:39 +0700] "POST /ManageStaffVinMart/quanlylichlamviec/create-lichlamviec.html HTTP/1.1" 302 -
0:0:0:0:0:0:0:1 - - [12/May/2023:15:58:39 +0700] "GET /ManageStaffVinMart/quanlylichlamviec.html HTTP/1.1" 200 23706
0:0:0:0:0:0:0:1 - - [12/May/2023:15:59:15 +0700] "POST /ManageStaffVinMart/quanlylichlamviec/create-lichlamviec.html HTTP/1.1" 302 -
0:0:0:0:0:0:0:1 - - [12/May/2023:15:59:15 +0700] "GET /ManageStaffVinMart/quanlylichlamviec.html HTTP/1.1" 200 23706
127.0.0.1 - - [12/May/2023:16:01:12 +0700] "GET / HTTP/1.1" 404 751
0:0:0:0:0:0:0:1 - - [12/May/2023:16:01:14 +0700] "GET /ManageStaffVinMart/quanlylichlamviec.html HTTP/1.1" 200 23706
0:0:0:0:0:0:0:1 - - [12/May/2023:16:01:27 +0700] "POST /ManageStaffVinMart/quanlylichlamviec/create-lichlamviec.html HTTP/1.1" 302 -
0:0:0:0:0:0:0:1 - - [12/May/2023:16:01:27 +0700] "GET /ManageStaffVinMart/quanlylichlamviec.html HTTP/1.1" 200 23741
0:0:0:0:0:0:0:1 - - [12/May/2023:16:01:54 +0700] "POST /ManageStaffVinMart/quanlylichlamviec/create-lichlamviec.html HTTP/1.1" 302 -
0:0:0:0:0:0:0:1 - - [12/May/2023:16:01:54 +0700] "GET /ManageStaffVinMart/quanlylichlamviec.html HTTP/1.1" 200 23741
0:0:0:0:0:0:0:1 - - [12/May/2023:16:02:19 +0700] "POST /ManageStaffVinMart/quanlylichlamviec/create-lichlamviec.html HTTP/1.1" 302 -
0:0:0:0:0:0:0:1 - - [12/May/2023:16:02:19 +0700] "GET /ManageStaffVinMart/quanlylichlamviec.html HTTP/1.1" 200 23776
0:0:0:0:0:0:0:1 - - [12/May/2023:16:02:57 +0700] "POST /ManageStaffVinMart/quanlylichlamviec/create-lichlamviec.html HTTP/1.1" 302 -
0:0:0:0:0:0:0:1 - - [12/May/2023:16:02:57 +0700] "GET /ManageStaffVinMart/quanlylichlamviec.html HTTP/1.1" 200 23706
127.0.0.1 - - [12/May/2023:16:06:19 +0700] "GET / HTTP/1.1" 404 751
0:0:0:0:0:0:0:1 - - [12/May/2023:16:07:53 +0700] "GET /ManageStaffVinMart/quanlylichlamviec.html HTTP/1.1" 200 23706
0:0:0:0:0:0:0:1 - - [12/May/2023:16:08:23 +0700] "POST /ManageStaffVinMart/quanlylichlamviec/create-lichlamviec.html HTTP/1.1" 302 -
0:0:0:0:0:0:0:1 - - [12/May/2023:16:08:23 +0700] "GET /ManageStaffVinMart/quanlylichlamviec.html HTTP/1.1" 200 23741
127.0.0.1 - - [12/May/2023:16:09:18 +0700] "GET / HTTP/1.1" 404 751
0:0:0:0:0:0:0:1 - - [12/May/2023:16:09:21 +0700] "GET /ManageStaffVinMart/quanlylichlamviec.html HTTP/1.1" 200 23706
0:0:0:0:0:0:0:1 - - [12/May/2023:16:09:46 +0700] "POST /ManageStaffVinMart/quanlylichlamviec/create-lichlamviec.html HTTP/1.1" 302 -
0:0:0:0:0:0:0:1 - - [12/May/2023:16:09:46 +0700] "GET /ManageStaffVinMart/quanlylichlamviec.html HTTP/1.1" 200 23706
0:0:0:0:0:0:0:1 - - [12/May/2023:16:10:11 +0700] "POST /ManageStaffVinMart/quanlylichlamviec/create-lichlamviec.html HTTP/1.1" 302 -
0:0:0:0:0:0:0:1 - - [12/May/2023:16:10:11 +0700] "GET /ManageStaffVinMart/quanlylichlamviec.html HTTP/1.1" 200 23776
127.0.0.1 - - [12/May/2023:16:10:34 +0700] "GET / HTTP/1.1" 404 751
0:0:0:0:0:0:0:1 - - [12/May/2023:16:10:38 +0700] "GET /ManageStaffVinMart/quanlylichlamviec.html HTTP/1.1" 200 23706
0:0:0:0:0:0:0:1 - - [12/May/2023:16:11:05 +0700] "POST /ManageStaffVinMart/quanlylichlamviec/create-lichlamviec.html HTTP/1.1" 302 -
0:0:0:0:0:0:0:1 - - [12/May/2023:16:11:05 +0700] "GET /ManageStaffVinMart/quanlylichlamviec.html HTTP/1.1" 200 23741
0:0:0:0:0:0:0:1 - - [12/May/2023:16:11:12 +0700] "POST /ManageStaffVinMart/quanlylichlamviec/create-lichlamviec.html HTTP/1.1" 400 762
0:0:0:0:0:0:0:1 - - [12/May/2023:16:11:42 +0700] "POST /ManageStaffVinMart/quanlylichlamviec/create-lichlamviec.html HTTP/1.1" 302 -
0:0:0:0:0:0:0:1 - - [12/May/2023:16:11:42 +0700] "GET /ManageStaffVinMart/quanlylichlamviec.html HTTP/1.1" 200 23741
127.0.0.1 - - [12/May/2023:16:12:43 +0700] "GET / HTTP/1.1" 404 751
0:0:0:0:0:0:0:1 - - [12/May/2023:16:12:47 +0700] "GET /ManageStaffVinMart/quanlylichlamviec.html HTTP/1.1" 200 22760
127.0.0.1 - - [12/May/2023:16:21:09 +0700] "GET / HTTP/1.1" 404 751
0:0:0:0:0:0:0:1 - - [12/May/2023:16:21:15 +0700] "GET /ManageStaffVinMart/quanlylichlamviec.html HTTP/1.1" 200 23061
0:0:0:0:0:0:0:1 - - [12/May/2023:16:21:29 +0700] "POST /ManageStaffVinMart/quanlylichlamviec/create-lichlamviec.html HTTP/1.1" 302 -
0:0:0:0:0:0:0:1 - - [12/May/2023:16:21:30 +0700] "GET /ManageStaffVinMart/quanlylichlamviec.html HTTP/1.1" 200 23107
127.0.0.1 - - [12/May/2023:16:35:06 +0700] "GET / HTTP/1.1" 404 751
0:0:0:0:0:0:0:1 - - [12/May/2023:16:35:09 +0700] "GET /ManageStaffVinMart/quanlylichlamviec.html HTTP/1.1" 200 23132
0:0:0:0:0:0:0:1 - - [12/May/2023:16:35:11 +0700] "GET /ManageStaffVinMart/quanlylichlamviec.html HTTP/1.1" 200 23132
0:0:0:0:0:0:0:1 - - [12/May/2023:16:35:35 +0700] "POST /ManageStaffVinMart/quanlylichlamviec/create-lichlamviec.html HTTP/1.1" 302 -
0:0:0:0:0:0:0:1 - - [12/May/2023:16:35:35 +0700] "GET /ManageStaffVinMart/quanlylichlamviec.html HTTP/1.1" 200 23354
0:0:0:0:0:0:0:1 - - [12/May/2023:16:36:24 +0700] "POST /ManageStaffVinMart/quanlylichlamviec/create-lichlamviec.html HTTP/1.1" 302 -
0:0:0:0:0:0:0:1 - - [12/May/2023:16:36:24 +0700] "GET /ManageStaffVinMart/quanlylichlamviec.html HTTP/1.1" 200 23539
0:0:0:0:0:0:0:1 - - [12/May/2023:16:36:48 +0700] "GET /ManageStaffVinMart/quanlylichlamviec.html HTTP/1.1" 200 23317
127.0.0.1 - - [12/May/2023:16:37:34 +0700] "GET / HTTP/1.1" 404 751
0:0:0:0:0:0:0:1 - - [12/May/2023:16:37:50 +0700] "GET /ManageStaffVinMart/quanlylichlamviec.html HTTP/1.1" 200 23317
0:0:0:0:0:0:0:1 - - [12/May/2023:16:38:19 +0700] "POST /ManageStaffVinMart/quanlylichlamviec/create-lichlamviec.html HTTP/1.1" 302 -
0:0:0:0:0:0:0:1 - - [12/May/2023:16:38:20 +0700] "GET /ManageStaffVinMart/quanlylichlamviec.html HTTP/1.1" 200 23539
0:0:0:0:0:0:0:1 - - [12/May/2023:16:38:25 +0700] "GET /ManageStaffVinMart/resources2/assets/libs/bootstrap/dist/js/bootstrap.bundle.min.js.map HTTP/1.1" 404 866
0:0:0:0:0:0:0:1 - - [12/May/2023:16:38:25 +0700] "GET /ManageStaffVinMart/resources2/dist/css/icons/material-design-iconic-font/css/materialdesignicons.min.css.map HTTP/1.1" 404 887
0:0:0:0:0:0:0:1 - - [12/May/2023:16:38:43 +0700] "GET /ManageStaffVinMart/quanlylichlamviec.html HTTP/1.1" 200 23317
127.0.0.1 - - [12/May/2023:16:40:58 +0700] "GET / HTTP/1.1" 404 751
0:0:0:0:0:0:0:1 - - [12/May/2023:16:41:01 +0700] "GET /ManageStaffVinMart/quanlylichlamviec.html HTTP/1.1" 200 23317
0:0:0:0:0:0:0:1 - - [12/May/2023:16:41:39 +0700] "POST /ManageStaffVinMart/quanlylichlamviec/create-lichlamviec.html HTTP/1.1" 302 -
0:0:0:0:0:0:0:1 - - [12/May/2023:16:41:39 +0700] "GET /ManageStaffVinMart/quanlylichlamviec.html HTTP/1.1" 200 23361
0:0:0:0:0:0:0:1 - - [12/May/2023:16:56:41 +0700] "GET /ManageStaffVinMart/thongtincanhan.html HTTP/1.1" 200 19306
0:0:0:0:0:0:0:1 - - [12/May/2023:16:56:46 +0700] "GET /ManageStaffVinMart/starter-kit.html HTTP/1.1" 200 18029
0:0:0:0:0:0:0:1 - - [12/May/2023:16:56:46 +0700] "GET /ManageStaffVinMart/resources2/dist/js/searchTool.js HTTP/1.1" 404 818
0:0:0:0:0:0:0:1 - - [12/May/2023:16:56:50 +0700] "GET /ManageStaffVinMart/quanlylichlamviec.html HTTP/1.1" 200 23317
0:0:0:0:0:0:0:1 - - [12/May/2023:16:56:52 +0700] "GET /ManageStaffVinMart/thongbao.html HTTP/1.1" 200 26668
0:0:0:0:0:0:0:1 - - [12/May/2023:16:56:53 +0700] "GET /ManageStaffVinMart/quanlylichlamviec.html HTTP/1.1" 200 23317
0:0:0:0:0:0:0:1 - - [12/May/2023:16:56:54 +0700] "GET /ManageStaffVinMart/starter-kit.html HTTP/1.1" 200 18029
0:0:0:0:0:0:0:1 - - [12/May/2023:16:56:54 +0700] "GET /ManageStaffVinMart/resources2/dist/js/searchTool.js HTTP/1.1" 404 818
0:0:0:0:0:0:0:1 - - [12/May/2023:16:56:55 +0700] "GET /ManageStaffVinMart/quanlylichlamviec.html HTTP/1.1" 200 23317
0:0:0:0:0:0:0:1 - - [12/May/2023:16:56:56 +0700] "GET /ManageStaffVinMart/thongbao.html HTTP/1.1" 200 26668
0:0:0:0:0:0:0:1 - - [12/May/2023:16:56:57 +0700] "GET /ManageStaffVinMart/table-basic.html HTTP/1.1" 200 26123
0:0:0:0:0:0:0:1 - - [12/May/2023:16:56:58 +0700] "GET /ManageStaffVinMart/form-basic.html HTTP/1.1" 200 27904
0:0:0:0:0:0:0:1 - - [12/May/2023:16:56:59 +0700] "GET /ManageStaffVinMart/pages-profile.html HTTP/1.1" 200 31588
0:0:0:0:0:0:0:1 - - [12/May/2023:16:57:01 +0700] "GET /ManageStaffVinMart/manageaccount.html HTTP/1.1" 200 34849
0:0:0:0:0:0:0:1 - - [12/May/2023:16:57:01 +0700] "GET /ManageStaffVinMart/homepage1.html HTTP/1.1" 200 19821
0:0:0:0:0:0:0:1 - - [12/May/2023:16:57:02 +0700] "GET /ManageStaffVinMart/starter-kit.html HTTP/1.1" 200 18029
0:0:0:0:0:0:0:1 - - [12/May/2023:16:57:02 +0700] "GET /ManageStaffVinMart/resources2/dist/js/searchTool.js HTTP/1.1" 404 818
0:0:0:0:0:0:0:1 - - [12/May/2023:16:57:04 +0700] "GET /ManageStaffVinMart/thongtincanhan.html HTTP/1.1" 200 19306
0:0:0:0:0:0:0:1 - - [12/May/2023:16:57:05 +0700] "GET /ManageStaffVinMart/starter-kit.html HTTP/1.1" 200 18029
0:0:0:0:0:0:0:1 - - [12/May/2023:16:57:05 +0700] "GET /ManageStaffVinMart/resources2/dist/js/searchTool.js HTTP/1.1" 404 818
0:0:0:0:0:0:0:1 - - [12/May/2023:16:57:13 +0700] "GET /ManageStaffVinMart/quanlylichlamviec.html HTTP/1.1" 200 23317
0:0:0:0:0:0:0:1 - - [12/May/2023:16:57:14 +0700] "GET /ManageStaffVinMart/starter-kit.html HTTP/1.1" 200 18029
0:0:0:0:0:0:0:1 - - [12/May/2023:16:57:14 +0700] "GET /ManageStaffVinMart/resources2/dist/js/searchTool.js HTTP/1.1" 404 818
0:0:0:0:0:0:0:1 - - [12/May/2023:16:59:37 +0700] "GET /ManageStaffVinMart/manageaccount.html HTTP/1.1" 200 34849
0:0:0:0:0:0:0:1 - - [12/May/2023:16:59:40 +0700] "GET /ManageStaffVinMart/homepage1.html HTTP/1.1" 200 19821
0:0:0:0:0:0:0:1 - - [12/May/2023:16:59:44 +0700] "GET /ManageStaffVinMart/manageaccount.html HTTP/1.1" 200 34849
0:0:0:0:0:0:0:1 - - [12/May/2023:16:59:45 +0700] "GET /ManageStaffVinMart/homepage1.html HTTP/1.1" 200 19821
127.0.0.1 - - [12/May/2023:17:02:29 +0700] "GET / HTTP/1.1" 404 751
0:0:0:0:0:0:0:1 - - [12/May/2023:17:02:33 +0700] "GET /ManageStaffVinMart/homepage1.html HTTP/1.1" 200 19821
0:0:0:0:0:0:0:1 - - [12/May/2023:17:02:40 +0700] "GET /ManageStaffVinMart/manageaccount.html HTTP/1.1" 200 8206
0:0:0:0:0:0:0:1 - - [12/May/2023:17:02:40 +0700] "GET /ManageStaffVinMart/manageaccount.html HTTP/1.1" 200 34848
0:0:0:0:0:0:0:1 - - [12/May/2023:17:02:43 +0700] "GET /ManageStaffVinMart/manageaccount.html HTTP/1.1" 200 34848
127.0.0.1 - - [12/May/2023:17:04:35 +0700] "GET / HTTP/1.1" 404 751
0:0:0:0:0:0:0:1 - - [12/May/2023:17:04:41 +0700] "GET /ManageStaffVinMart/manageaccount.html HTTP/1.1" 200 34849
0:0:0:0:0:0:0:1 - - [12/May/2023:17:04:43 +0700] "GET /ManageStaffVinMart/manageaccount.html HTTP/1.1" 200 34849
0:0:0:0:0:0:0:1 - - [12/May/2023:17:04:44 +0700] "GET /ManageStaffVinMart/homepage1.html HTTP/1.1" 200 19821
0:0:0:0:0:0:0:1 - - [12/May/2023:17:04:44 +0700] "GET /ManageStaffVinMart/manageaccount.html HTTP/1.1" 200 34849
0:0:0:0:0:0:0:1 - - [12/May/2023:17:04:47 +0700] "GET /ManageStaffVinMart/manageaccount.html HTTP/1.1" 200 34849
0:0:0:0:0:0:0:1 - - [12/May/2023:17:04:50 +0700] "GET /ManageStaffVinMart/pages-profile.html HTTP/1.1" 200 31588
0:0:0:0:0:0:0:1 - - [12/May/2023:17:04:51 +0700] "GET /ManageStaffVinMart/manageaccount.html HTTP/1.1" 200 34849
127.0.0.1 - - [12/May/2023:17:05:43 +0700] "GET / HTTP/1.1" 404 751
0:0:0:0:0:0:0:1 - - [12/May/2023:17:06:18 +0700] "GET /ManageStaffVinMart/manageaccount.html HTTP/1.1" 200 34860
0:0:0:0:0:0:0:1 - - [12/May/2023:17:06:20 +0700] "GET /ManageStaffVinMart/homepage1.html HTTP/1.1" 200 19821
0:0:0:0:0:0:0:1 - - [12/May/2023:17:06:20 +0700] "GET /ManageStaffVinMart/manageaccount.html HTTP/1.1" 200 34860
0:0:0:0:0:0:0:1 - - [12/May/2023:17:06:22 +0700] "GET /ManageStaffVinMart/homepage1.html HTTP/1.1" 200 19821
0:0:0:0:0:0:0:1 - - [12/May/2023:17:06:23 +0700] "GET /ManageStaffVinMart/manageaccount.html HTTP/1.1" 200 34860
127.0.0.1 - - [12/May/2023:17:08:35 +0700] "GET / HTTP/1.1" 404 751
0:0:0:0:0:0:0:1 - - [12/May/2023:17:08:50 +0700] "GET /ManageStaffVinMart/manageaccount.html HTTP/1.1" 200 34860
0:0:0:0:0:0:0:1 - - [12/May/2023:17:08:53 +0700] "GET /ManageStaffVinMart/homepage1.html HTTP/1.1" 200 19834
0:0:0:0:0:0:0:1 - - [12/May/2023:17:08:54 +0700] "GET /ManageStaffVinMart/pages-profile.html HTTP/1.1" 200 31592
0:0:0:0:0:0:0:1 - - [12/May/2023:17:08:55 +0700] "GET /ManageStaffVinMart/form-basic.html HTTP/1.1" 200 27917
0:0:0:0:0:0:0:1 - - [12/May/2023:17:08:56 +0700] "GET /ManageStaffVinMart/table-basic.html HTTP/1.1" 200 26136
0:0:0:0:0:0:0:1 - - [12/May/2023:17:08:58 +0700] "GET /ManageStaffVinMart/thongbao.html HTTP/1.1" 200 26681
0:0:0:0:0:0:0:1 - - [12/May/2023:17:08:59 +0700] "GET /ManageStaffVinMart/quanlylichlamviec.html HTTP/1.1" 200 23330
0:0:0:0:0:0:0:1 - - [12/May/2023:17:09:00 +0700] "GET /ManageStaffVinMart/starter-kit.html HTTP/1.1" 200 18041
0:0:0:0:0:0:0:1 - - [12/May/2023:17:09:00 +0700] "GET /ManageStaffVinMart/resources2/dist/js/searchTool.js HTTP/1.1" 404 818
0:0:0:0:0:0:0:1 - - [12/May/2023:17:09:00 +0700] "GET /ManageStaffVinMart/thongtincanhan.html HTTP/1.1" 200 19319
0:0:0:0:0:0:0:1 - - [12/May/2023:17:09:01 +0700] "GET /ManageStaffVinMart/manageaccount.html HTTP/1.1" 200 34860
0:0:0:0:0:0:0:1 - - [12/May/2023:17:09:08 +0700] "GET /ManageStaffVinMart/pages-profile.html HTTP/1.1" 200 31592
127.0.0.1 - - [12/May/2023:17:12:30 +0700] "GET / HTTP/1.1" 404 751
0:0:0:0:0:0:0:1 - - [12/May/2023:17:12:35 +0700] "GET /ManageStaffVinMart/pages-profile.html HTTP/1.1" 200 31586
0:0:0:0:0:0:0:1 - - [12/May/2023:17:12:37 +0700] "GET /ManageStaffVinMart/pages-profile.html HTTP/1.1" 200 31586
127.0.0.1 - - [12/May/2023:17:15:15 +0700] "GET / HTTP/1.1" 404 751
0:0:0:0:0:0:0:1 - - [12/May/2023:17:15:22 +0700] "GET /ManageStaffVinMart/pages-profile.html HTTP/1.1" 200 31594
0:0:0:0:0:0:0:1 - - [12/May/2023:17:15:25 +0700] "GET /ManageStaffVinMart/form-basic.html HTTP/1.1" 200 27927
0:0:0:0:0:0:0:1 - - [12/May/2023:17:15:26 +0700] "GET /ManageStaffVinMart/manageaccount.html HTTP/1.1" 200 34871
0:0:0:0:0:0:0:1 - - [12/May/2023:17:15:27 +0700] "GET /ManageStaffVinMart/pages-profile.html HTTP/1.1" 200 31594
0:0:0:0:0:0:0:1 - - [12/May/2023:17:15:32 +0700] "POST /ManageStaffVinMart/pages-profile/delete-staff.html HTTP/1.1" 302 -
0:0:0:0:0:0:0:1 - - [12/May/2023:17:15:32 +0700] "GET /ManageStaffVinMart/pages-profile.html HTTP/1.1" 200 31628
0:0:0:0:0:0:0:1 - - [12/May/2023:17:16:59 +0700] "GET /ManageStaffVinMart/quanlylichlamviec.html HTTP/1.1" 200 23341
0:0:0:0:0:0:0:1 - - [12/May/2023:17:17:14 +0700] "POST /ManageStaffVinMart/quanlylichlamviec/create-lichlamviec.html HTTP/1.1" 302 -
0:0:0:0:0:0:0:1 - - [12/May/2023:17:17:14 +0700] "GET /ManageStaffVinMart/quanlylichlamviec.html HTTP/1.1" 200 23387
0:0:0:0:0:0:0:1 - - [12/May/2023:17:17:19 +0700] "GET /ManageStaffVinMart/starter-kit.html HTTP/1.1" 200 18052
0:0:0:0:0:0:0:1 - - [12/May/2023:17:17:19 +0700] "GET /ManageStaffVinMart/resources2/dist/js/searchTool.js HTTP/1.1" 404 818
127.0.0.1 - - [12/May/2023:23:11:45 +0700] "GET / HTTP/1.1" 404 751
0:0:0:0:0:0:0:1 - - [12/May/2023:23:11:47 +0700] "GET /ManageStaffVinMart/ HTTP/1.1" 200 3611
0:0:0:0:0:0:0:1 - - [12/May/2023:23:11:47 +0700] "GET /favicon.ico HTTP/1.1" 404 762
0:0:0:0:0:0:0:1 - - [12/May/2023:23:11:53 +0700] "POST /ManageStaffVinMart/home.html HTTP/1.1" 302 -
0:0:0:0:0:0:0:1 - - [12/May/2023:23:11:53 +0700] "GET /ManageStaffVinMart/home.html HTTP/1.1" 200 3728
0:0:0:0:0:0:0:1 - - [12/May/2023:23:12:01 +0700] "POST /ManageStaffVinMart/home.html HTTP/1.1" 302 -
0:0:0:0:0:0:0:1 - - [12/May/2023:23:12:04 +0700] "GET /ManageStaffVinMart/homepage1.html HTTP/1.1" 200 19844
0:0:0:0:0:0:0:1 - - [12/May/2023:23:12:05 +0700] "GET /ManageStaffVinMart/resources/resources2/assets/images/logo-vinmart-inkythuatso.jpg HTTP/1.1" 304 -
0:0:0:0:0:0:0:1 - - [12/May/2023:23:12:05 +0700] "GET /ManageStaffVinMart/resources2/assets/images/logo-vinmart-inkythuatso.png HTTP/1.1" 404 839
0:0:0:0:0:0:0:1 - - [12/May/2023:23:13:27 +0700] "GET /ManageStaffVinMart/quanlylichlamviec.html HTTP/1.1" 200 23341
0:0:0:0:0:0:0:1 - - [12/May/2023:23:13:29 +0700] "GET /ManageStaffVinMart/starter-kit.html HTTP/1.1" 200 18052
0:0:0:0:0:0:0:1 - - [12/May/2023:23:13:29 +0700] "GET /ManageStaffVinMart/resources2/dist/js/searchTool.js HTTP/1.1" 404 818
127.0.0.1 - - [12/May/2023:23:41:27 +0700] "GET / HTTP/1.1" 404 751
0:0:0:0:0:0:0:1 - - [12/May/2023:23:41:31 +0700] "GET /ManageStaffVinMart/starter-kit.html HTTP/1.1" 200 18121
0:0:0:0:0:0:0:1 - - [12/May/2023:23:41:33 +0700] "GET /ManageStaffVinMart/thongtincanhan.html HTTP/1.1" 200 24667
0:0:0:0:0:0:0:1 - - [12/May/2023:23:41:36 +0700] "GET /ManageStaffVinMart/thongtincanhan.html HTTP/1.1" 200 24667
127.0.0.1 - - [12/May/2023:23:42:41 +0700] "GET / HTTP/1.1" 404 751
0:0:0:0:0:0:0:1 - - [12/May/2023:23:45:10 +0700] "GET /ManageStaffVinMart/thongtincanhan.html HTTP/1.1" 200 25048
0:0:0:0:0:0:0:1 - - [12/May/2023:23:45:16 +0700] "GET /ManageStaffVinMart/pages-profile.html HTTP/1.1" 200 31594
0:0:0:0:0:0:0:1 - - [12/May/2023:23:45:16 +0700] "GET /ManageStaffVinMart/resources/resources2/assets/images/logo-vinmart-inkythuatso.png HTTP/1.1" 404 853
0:0:0:0:0:0:0:1 - - [12/May/2023:23:45:18 +0700] "GET /ManageStaffVinMart/thongtincanhan.html HTTP/1.1" 200 25048
0:0:0:0:0:0:0:1 - - [12/May/2023:23:45:27 +0700] "POST /ManageStaffVinMart/pages-profile/add-staff.html HTTP/1.1" 400 846
127.0.0.1 - - [12/May/2023:23:57:18 +0700] "GET / HTTP/1.1" 404 751
0:0:0:0:0:0:0:1 - - [12/May/2023:23:57:23 +0700] "GET /ManageStaffVinMart/thongtincanhan.html HTTP/1.1" 200 25030
0:0:0:0:0:0:0:1 - - [12/May/2023:23:57:29 +0700] "POST /ManageStaffVinMart/update-inform.html HTTP/1.1" 302 -
0:0:0:0:0:0:0:1 - - [12/May/2023:23:57:29 +0700] "GET /ManageStaffVinMart/thongtincanhan.html HTTP/1.1" 200 25027
0:0:0:0:0:0:0:1 - - [12/May/2023:23:58:06 +0700] "POST /ManageStaffVinMart/update-inform.html HTTP/1.1" 302 -
