127.0.0.1 - - [08/Mar/2023:00:01:32 +0700] "GET / HTTP/1.1" 404 751
0:0:0:0:0:0:0:1 - - [08/Mar/2023:00:01:38 +0700] "GET /ManageStaffVinMart/form-basic.html HTTP/1.1" 200 22560
127.0.0.1 - - [08/Mar/2023:00:02:43 +0700] "GET / HTTP/1.1" 404 751
0:0:0:0:0:0:0:1 - - [08/Mar/2023:00:02:50 +0700] "GET /ManageStaffVinMart/form-basic.html HTTP/1.1" 200 22588
127.0.0.1 - - [08/Mar/2023:00:29:53 +0700] "GET / HTTP/1.1" 404 751
0:0:0:0:0:0:0:1 - - [08/Mar/2023:00:29:58 +0700] "GET /ManageStaffVinMart/form-basic.html HTTP/1.1" 200 21787
127.0.0.1 - - [08/Mar/2023:00:32:11 +0700] "GET / HTTP/1.1" 404 751
0:0:0:0:0:0:0:1 - - [08/Mar/2023:00:32:18 +0700] "GET /ManageStaffVinMart/form-basic.html HTTP/1.1" 200 21793
0:0:0:0:0:0:0:1 - - [08/Mar/2023:00:32:39 +0700] "POST /ManageStaffVinMart/pages-profile/add-salary.html HTTP/1.1" 302 -
0:0:0:0:0:0:0:1 - - [08/Mar/2023:00:32:39 +0700] "GET /ManageStaffVinMart/form-basic.html HTTP/1.1" 200 21793
0:0:0:0:0:0:0:1 - - [08/Mar/2023:00:33:19 +0700] "POST /ManageStaffVinMart/pages-profile/add-salary.html HTTP/1.1" 302 -
0:0:0:0:0:0:0:1 - - [08/Mar/2023:00:33:19 +0700] "GET /ManageStaffVinMart/form-basic.html HTTP/1.1" 200 21793
0:0:0:0:0:0:0:1 - - [08/Mar/2023:00:34:13 +0700] "POST /ManageStaffVinMart/pages-profile/add-salary.html HTTP/1.1" 400 762
0:0:0:0:0:0:0:1 - - [08/Mar/2023:00:34:18 +0700] "POST /ManageStaffVinMart/pages-profile/add-salary.html HTTP/1.1" 302 -
0:0:0:0:0:0:0:1 - - [08/Mar/2023:00:34:18 +0700] "GET /ManageStaffVinMart/form-basic.html HTTP/1.1" 200 21793
0:0:0:0:0:0:0:1 - - [08/Mar/2023:00:38:27 +0700] "POST /ManageStaffVinMart/pages-profile/add-salary.html HTTP/1.1" 400 762
0:0:0:0:0:0:0:1 - - [08/Mar/2023:00:38:32 +0700] "POST /ManageStaffVinMart/pages-profile/add-salary.html HTTP/1.1" 302 -
0:0:0:0:0:0:0:1 - - [08/Mar/2023:00:38:32 +0700] "GET /ManageStaffVinMart/form-basic.html HTTP/1.1" 200 21793
0:0:0:0:0:0:0:1 - - [08/Mar/2023:00:41:15 +0700] "POST /ManageStaffVinMart/pages-profile/add-salary.html HTTP/1.1" 302 -
0:0:0:0:0:0:0:1 - - [08/Mar/2023:00:41:16 +0700] "GET /ManageStaffVinMart/form-basic.html HTTP/1.1" 200 21793
127.0.0.1 - - [08/Mar/2023:00:44:31 +0700] "GET / HTTP/1.1" 404 751
0:0:0:0:0:0:0:1 - - [08/Mar/2023:00:44:37 +0700] "GET /ManageStaffVinMart/form-basic.html HTTP/1.1" 200 21793
0:0:0:0:0:0:0:1 - - [08/Mar/2023:00:44:54 +0700] "POST /ManageStaffVinMart/pages-profile/add-salary.html HTTP/1.1" 302 -
0:0:0:0:0:0:0:1 - - [08/Mar/2023:00:44:55 +0700] "GET /ManageStaffVinMart/form-basic.html HTTP/1.1" 200 21793
0:0:0:0:0:0:0:1 - - [08/Mar/2023:00:45:36 +0700] "POST /ManageStaffVinMart/pages-profile/add-salary.html HTTP/1.1" 400 762
0:0:0:0:0:0:0:1 - - [08/Mar/2023:00:45:45 +0700] "POST /ManageStaffVinMart/pages-profile/add-salary.html HTTP/1.1" 302 -
0:0:0:0:0:0:0:1 - - [08/Mar/2023:00:45:45 +0700] "GET /ManageStaffVinMart/form-basic.html HTTP/1.1" 200 21793
127.0.0.1 - - [08/Mar/2023:00:48:08 +0700] "GET / HTTP/1.1" 404 751
0:0:0:0:0:0:0:1 - - [08/Mar/2023:00:48:12 +0700] "GET /ManageStaffVinMart/form-basic.html HTTP/1.1" 200 21640
0:0:0:0:0:0:0:1 - - [08/Mar/2023:00:48:24 +0700] "POST /ManageStaffVinMart/pages-profile/add-salary.html HTTP/1.1" 302 -
0:0:0:0:0:0:0:1 - - [08/Mar/2023:00:48:24 +0700] "GET /ManageStaffVinMart/form-basic.html HTTP/1.1" 200 21640
0:0:0:0:0:0:0:1 - - [08/Mar/2023:00:51:52 +0700] "GET /ManageStaffVinMart/form-basic.html HTTP/1.1" 200 21793
0:0:0:0:0:0:0:1 - - [08/Mar/2023:00:51:57 +0700] "POST /ManageStaffVinMart/pages-profile/add-salary.html HTTP/1.1" 302 -
0:0:0:0:0:0:0:1 - - [08/Mar/2023:00:51:57 +0700] "GET /ManageStaffVinMart/form-basic.html HTTP/1.1" 200 21793
127.0.0.1 - - [08/Mar/2023:00:55:04 +0700] "GET / HTTP/1.1" 404 751
0:0:0:0:0:0:0:1 - - [08/Mar/2023:00:55:08 +0700] "GET /ManageStaffVinMart/form-basic.html HTTP/1.1" 200 21787
0:0:0:0:0:0:0:1 - - [08/Mar/2023:00:55:16 +0700] "POST /ManageStaffVinMart/pages-profile/add-salary.html HTTP/1.1" 302 -
0:0:0:0:0:0:0:1 - - [08/Mar/2023:00:55:16 +0700] "GET /ManageStaffVinMart/form-basic.html HTTP/1.1" 200 21787
0:0:0:0:0:0:0:1 - - [08/Mar/2023:00:55:21 +0700] "POST /ManageStaffVinMart/pages-profile/add-salary.html HTTP/1.1" 400 762
0:0:0:0:0:0:0:1 - - [08/Mar/2023:00:58:05 +0700] "POST /ManageStaffVinMart/pages-profile/add-salary.html HTTP/1.1" 302 -
0:0:0:0:0:0:0:1 - - [08/Mar/2023:00:58:05 +0700] "GET /ManageStaffVinMart/form-basic.html HTTP/1.1" 200 21787
0:0:0:0:0:0:0:1 - - [08/Mar/2023:01:00:18 +0700] "POST /ManageStaffVinMart/pages-profile/add-salary.html HTTP/1.1" 302 -
0:0:0:0:0:0:0:1 - - [08/Mar/2023:01:00:19 +0700] "GET /ManageStaffVinMart/form-basic.html HTTP/1.1" 200 21787
127.0.0.1 - - [08/Mar/2023:01:02:46 +0700] "GET / HTTP/1.1" 404 751
0:0:0:0:0:0:0:1 - - [08/Mar/2023:01:02:59 +0700] "POST /ManageStaffVinMart/pages-profile/add-salary.html HTTP/1.1" 302 -
0:0:0:0:0:0:0:1 - - [08/Mar/2023:01:03:03 +0700] "GET /ManageStaffVinMart/form-basic.html HTTP/1.1" 200 21791
127.0.0.1 - - [08/Mar/2023:01:05:09 +0700] "GET / HTTP/1.1" 404 751
0:0:0:0:0:0:0:1 - - [08/Mar/2023:01:05:13 +0700] "GET /ManageStaffVinMart/form-basic.html HTTP/1.1" 200 21795
0:0:0:0:0:0:0:1 - - [08/Mar/2023:01:05:24 +0700] "POST /ManageStaffVinMart/pages-profile/add-salary.html HTTP/1.1" 302 -
0:0:0:0:0:0:0:1 - - [08/Mar/2023:01:05:24 +0700] "GET /ManageStaffVinMart/form-basic.html HTTP/1.1" 200 21795
127.0.0.1 - - [08/Mar/2023:01:06:16 +0700] "GET / HTTP/1.1" 404 751
0:0:0:0:0:0:0:1 - - [08/Mar/2023:01:06:20 +0700] "GET /ManageStaffVinMart/form-basic.html HTTP/1.1" 200 21813
0:0:0:0:0:0:0:1 - - [08/Mar/2023:01:06:28 +0700] "POST /ManageStaffVinMart/pages-profile/add-salary.html HTTP/1.1" 302 -
0:0:0:0:0:0:0:1 - - [08/Mar/2023:01:06:28 +0700] "GET /ManageStaffVinMart/form-basic.html HTTP/1.1" 200 21813
127.0.0.1 - - [08/Mar/2023:01:13:13 +0700] "GET / HTTP/1.1" 404 751
0:0:0:0:0:0:0:1 - - [08/Mar/2023:01:13:20 +0700] "GET /ManageStaffVinMart/form-basic.html HTTP/1.1" 200 21795
0:0:0:0:0:0:0:1 - - [08/Mar/2023:01:13:31 +0700] "POST /ManageStaffVinMart/pages-profile/add-salary.html HTTP/1.1" 302 -
0:0:0:0:0:0:0:1 - - [08/Mar/2023:01:13:31 +0700] "GET /ManageStaffVinMart/form-basic.html HTTP/1.1" 200 21795
0:0:0:0:0:0:0:1 - - [08/Mar/2023:01:24:38 +0700] "GET /ManageStaffVinMart/form-basic.html HTTP/1.1" 500 21138
127.0.0.1 - - [08/Mar/2023:01:26:47 +0700] "GET / HTTP/1.1" 404 751
127.0.0.1 - - [08/Mar/2023:01:27:02 +0700] "GET / HTTP/1.1" 404 751
0:0:0:0:0:0:0:1 - - [08/Mar/2023:01:27:05 +0700] "GET /ManageStaffVinMart/form-basic.html HTTP/1.1" 500 21138
127.0.0.1 - - [08/Mar/2023:01:30:56 +0700] "GET / HTTP/1.1" 404 751
0:0:0:0:0:0:0:1 - - [08/Mar/2023:01:31:00 +0700] "GET /ManageStaffVinMart/form-basic.html HTTP/1.1" 500 21138
0:0:0:0:0:0:0:1 - - [08/Mar/2023:01:31:55 +0700] "GET /ManageStaffVinMart/manageaccount.html HTTP/1.1" 500 21138
0:0:0:0:0:0:0:1 - - [08/Mar/2023:01:32:32 +0700] "GET /ManageStaffVinMart/manageaccount.html HTTP/1.1" 500 21138
127.0.0.1 - - [08/Mar/2023:01:35:58 +0700] "GET / HTTP/1.1" 404 751
0:0:0:0:0:0:0:1 - - [08/Mar/2023:01:36:01 +0700] "GET /ManageStaffVinMart/manageaccount.html HTTP/1.1" 500 21138
0:0:0:0:0:0:0:1 - - [08/Mar/2023:01:36:05 +0700] "GET /ManageStaffVinMart/manageaccount.html HTTP/1.1" 500 21138
0:0:0:0:0:0:0:1 - - [08/Mar/2023:01:36:05 +0700] "GET /ManageStaffVinMart/manageaccount.html HTTP/1.1" 500 21138
127.0.0.1 - - [08/Mar/2023:01:36:50 +0700] "GET / HTTP/1.1" 404 751
0:0:0:0:0:0:0:1 - - [08/Mar/2023:01:36:52 +0700] "GET /ManageStaffVinMart/manageaccount.html HTTP/1.1" 500 21138
127.0.0.1 - - [08/Mar/2023:01:38:21 +0700] "GET / HTTP/1.1" 404 751
0:0:0:0:0:0:0:1 - - [08/Mar/2023:01:38:24 +0700] "GET /ManageStaffVinMart/manageaccount.html HTTP/1.1" 200 26769
0:0:0:0:0:0:0:1 - - [08/Mar/2023:01:38:31 +0700] "POST /ManageStaffVinMart/manageaccount/add-account.html HTTP/1.1" 302 -
0:0:0:0:0:0:0:1 - - [08/Mar/2023:01:38:32 +0700] "GET /ManageStaffVinMart/manageaccount.html HTTP/1.1" 200 26769
0:0:0:0:0:0:0:1 - - [08/Mar/2023:01:38:39 +0700] "GET /ManageStaffVinMart/form-basic.html HTTP/1.1" 500 8219
127.0.0.1 - - [08/Mar/2023:01:39:20 +0700] "GET / HTTP/1.1" 404 751
0:0:0:0:0:0:0:1 - - [08/Mar/2023:01:39:25 +0700] "GET /ManageStaffVinMart/form-basic.html HTTP/1.1" 500 8219
127.0.0.1 - - [08/Mar/2023:01:39:51 +0700] "GET / HTTP/1.1" 404 751
0:0:0:0:0:0:0:1 - - [08/Mar/2023:01:39:55 +0700] "GET /ManageStaffVinMart/form-basic.html HTTP/1.1" 500 8219
127.0.0.1 - - [08/Mar/2023:01:40:48 +0700] "GET / HTTP/1.1" 404 751
0:0:0:0:0:0:0:1 - - [08/Mar/2023:01:40:53 +0700] "GET /ManageStaffVinMart/form-basic.html HTTP/1.1" 200 21795
127.0.0.1 - - [08/Mar/2023:07:00:34 +0700] "GET / HTTP/1.1" 404 751
0:0:0:0:0:0:0:1 - - [08/Mar/2023:07:00:35 +0700] "GET /ManageStaffVinMart/ HTTP/1.1" 404 774
0:0:0:0:0:0:0:1 - - [08/Mar/2023:07:00:35 +0700] "GET /favicon.ico HTTP/1.1" 404 762
0:0:0:0:0:0:0:1 - - [08/Mar/2023:07:00:38 +0700] "GET /ManageStaffVinMart/home.html HTTP/1.1" 200 3156
0:0:0:0:0:0:0:1 - - [08/Mar/2023:07:00:43 +0700] "POST /ManageStaffVinMart/homepage.html HTTP/1.1" 200 19242
0:0:0:0:0:0:0:1 - - [08/Mar/2023:07:00:45 +0700] "GET /ManageStaffVinMart/pages-profile.html HTTP/1.1" 200 19910
0:0:0:0:0:0:0:1 - - [08/Mar/2023:07:00:45 +0700] "GET /ManageStaffVinMart/resources2/dist/js/searchTool.js HTTP/1.1" 304 -
0:0:0:0:0:0:0:1 - - [08/Mar/2023:07:00:47 +0700] "GET /ManageStaffVinMart/form-basic.html HTTP/1.1" 200 21795
0:0:0:0:0:0:0:1 - - [08/Mar/2023:07:00:59 +0700] "POST /ManageStaffVinMart/pages-profile/add-salary.html HTTP/1.1" 302 -
0:0:0:0:0:0:0:1 - - [08/Mar/2023:07:00:59 +0700] "GET /ManageStaffVinMart/form-basic.html HTTP/1.1" 200 21795
127.0.0.1 - - [08/Mar/2023:07:21:34 +0700] "GET / HTTP/1.1" 404 751
0:0:0:0:0:0:0:1 - - [08/Mar/2023:07:21:46 +0700] "GET /ManageStaffVinMart/form-basic.html HTTP/1.1" 500 21138
127.0.0.1 - - [08/Mar/2023:07:23:28 +0700] "GET / HTTP/1.1" 404 751
127.0.0.1 - - [08/Mar/2023:07:27:06 +0700] "GET / HTTP/1.1" 404 751
127.0.0.1 - - [08/Mar/2023:07:27:47 +0700] "GET / HTTP/1.1" 404 751
127.0.0.1 - - [08/Mar/2023:07:28:23 +0700] "GET / HTTP/1.1" 404 751
0:0:0:0:0:0:0:1 - - [08/Mar/2023:07:28:37 +0700] "GET /ManageStaffVinMart/form-basic.html HTTP/1.1" 500 8219
127.0.0.1 - - [08/Mar/2023:07:29:22 +0700] "GET / HTTP/1.1" 404 751
0:0:0:0:0:0:0:1 - - [08/Mar/2023:07:29:28 +0700] "GET /ManageStaffVinMart/form-basic.html HTTP/1.1" 500 8219
127.0.0.1 - - [08/Mar/2023:07:31:03 +0700] "GET / HTTP/1.1" 404 751
0:0:0:0:0:0:0:1 - - [08/Mar/2023:07:31:09 +0700] "GET /ManageStaffVinMart/form-basic.html HTTP/1.1" 500 8219
127.0.0.1 - - [08/Mar/2023:07:32:32 +0700] "GET / HTTP/1.1" 404 751
0:0:0:0:0:0:0:1 - - [08/Mar/2023:07:32:36 +0700] "GET /ManageStaffVinMart/form-basic.html HTTP/1.1" 200 21795
0:0:0:0:0:0:0:1 - - [08/Mar/2023:07:32:54 +0700] "POST /ManageStaffVinMart/pages-profile/add-salary.html HTTP/1.1" 302 -
0:0:0:0:0:0:0:1 - - [08/Mar/2023:07:32:54 +0700] "GET /ManageStaffVinMart/form-basic.html HTTP/1.1" 200 21795
127.0.0.1 - - [08/Mar/2023:07:33:39 +0700] "GET / HTTP/1.1" 404 751
0:0:0:0:0:0:0:1 - - [08/Mar/2023:07:33:44 +0700] "GET /ManageStaffVinMart/form-basic.html HTTP/1.1" 200 21797
0:0:0:0:0:0:0:1 - - [08/Mar/2023:07:33:56 +0700] "POST /ManageStaffVinMart/pages-profile/add-salary.html HTTP/1.1" 302 -
0:0:0:0:0:0:0:1 - - [08/Mar/2023:07:33:57 +0700] "GET /ManageStaffVinMart/form-basic.html HTTP/1.1" 200 21797
0:0:0:0:0:0:0:1 - - [08/Mar/2023:07:34:28 +0700] "GET /ManageStaffVinMart/form-basic.html HTTP/1.1" 200 21797
0:0:0:0:0:0:0:1 - - [08/Mar/2023:07:34:39 +0700] "POST /ManageStaffVinMart/pages-profile/add-salary.html HTTP/1.1" 302 -
0:0:0:0:0:0:0:1 - - [08/Mar/2023:07:34:39 +0700] "GET /ManageStaffVinMart/form-basic.html HTTP/1.1" 200 21797
0:0:0:0:0:0:0:1 - - [08/Mar/2023:07:37:06 +0700] "POST /ManageStaffVinMart/pages-profile/add-salary.html HTTP/1.1" 302 -
0:0:0:0:0:0:0:1 - - [08/Mar/2023:07:37:06 +0700] "GET /ManageStaffVinMart/form-basic.html HTTP/1.1" 200 21797
127.0.0.1 - - [08/Mar/2023:07:39:18 +0700] "GET / HTTP/1.1" 404 751
0:0:0:0:0:0:0:1 - - [08/Mar/2023:07:39:21 +0700] "GET /ManageStaffVinMart/form-basic.html HTTP/1.1" 200 21797
0:0:0:0:0:0:0:1 - - [08/Mar/2023:07:39:31 +0700] "POST /ManageStaffVinMart/pages-profile/add-salary.html HTTP/1.1" 302 -
0:0:0:0:0:0:0:1 - - [08/Mar/2023:07:39:31 +0700] "GET /ManageStaffVinMart/form-basic.html HTTP/1.1" 200 21797
0:0:0:0:0:0:0:1 - - [08/Mar/2023:07:39:45 +0700] "GET /ManageStaffVinMart/form-basic.html HTTP/1.1" 200 21797
0:0:0:0:0:0:0:1 - - [08/Mar/2023:07:40:04 +0700] "POST /ManageStaffVinMart/pages-profile/add-salary.html HTTP/1.1" 302 -
0:0:0:0:0:0:0:1 - - [08/Mar/2023:07:40:04 +0700] "GET /ManageStaffVinMart/form-basic.html HTTP/1.1" 200 21797
127.0.0.1 - - [08/Mar/2023:07:40:48 +0700] "GET / HTTP/1.1" 404 751
0:0:0:0:0:0:0:1 - - [08/Mar/2023:07:40:51 +0700] "GET /ManageStaffVinMart/form-basic.html HTTP/1.1" 200 21797
0:0:0:0:0:0:0:1 - - [08/Mar/2023:07:41:01 +0700] "POST /ManageStaffVinMart/pages-profile/add-salary.html HTTP/1.1" 302 -
0:0:0:0:0:0:0:1 - - [08/Mar/2023:07:41:01 +0700] "GET /ManageStaffVinMart/form-basic.html HTTP/1.1" 200 21797
127.0.0.1 - - [08/Mar/2023:07:48:01 +0700] "GET / HTTP/1.1" 404 751
0:0:0:0:0:0:0:1 - - [08/Mar/2023:07:48:05 +0700] "GET /ManageStaffVinMart/form-basic.html HTTP/1.1" 200 21797
0:0:0:0:0:0:0:1 - - [08/Mar/2023:07:48:16 +0700] "POST /ManageStaffVinMart/pages-profile/add-salary.html HTTP/1.1" 302 -
0:0:0:0:0:0:0:1 - - [08/Mar/2023:07:48:16 +0700] "GET /ManageStaffVinMart/form-basic.html HTTP/1.1" 200 21797
127.0.0.1 - - [08/Mar/2023:07:48:45 +0700] "GET / HTTP/1.1" 404 751
0:0:0:0:0:0:0:1 - - [08/Mar/2023:07:48:55 +0700] "GET /ManageStaffVinMart/form-basic.html HTTP/1.1" 200 21797
0:0:0:0:0:0:0:1 - - [08/Mar/2023:07:49:06 +0700] "POST /ManageStaffVinMart/pages-profile/add-salary.html HTTP/1.1" 302 -
0:0:0:0:0:0:0:1 - - [08/Mar/2023:07:49:06 +0700] "GET /ManageStaffVinMart/form-basic.html HTTP/1.1" 200 21797
127.0.0.1 - - [08/Mar/2023:07:51:08 +0700] "GET / HTTP/1.1" 404 751
0:0:0:0:0:0:0:1 - - [08/Mar/2023:07:51:12 +0700] "GET /ManageStaffVinMart/form-basic.html HTTP/1.1" 200 21797
0:0:0:0:0:0:0:1 - - [08/Mar/2023:07:51:15 +0700] "GET /ManageStaffVinMart/form-basic.html HTTP/1.1" 200 21797
0:0:0:0:0:0:0:1 - - [08/Mar/2023:07:51:26 +0700] "POST /ManageStaffVinMart/pages-profile/add-salary.html HTTP/1.1" 302 -
0:0:0:0:0:0:0:1 - - [08/Mar/2023:07:51:26 +0700] "GET /ManageStaffVinMart/form-basic.html HTTP/1.1" 200 21797
0:0:0:0:0:0:0:1 - - [08/Mar/2023:07:53:23 +0700] "GET /ManageStaffVinMart/table-basic.html HTTP/1.1" 200 54159
0:0:0:0:0:0:0:1 - - [08/Mar/2023:07:53:33 +0700] "GET /ManageStaffVinMart/thongbao.html HTTP/1.1" 200 18592
0:0:0:0:0:0:0:1 - - [08/Mar/2023:07:53:47 +0700] "GET /ManageStaffVinMart/starter-kit.html HTTP/1.1" 200 18941
0:0:0:0:0:0:0:1 - - [08/Mar/2023:07:53:57 +0700] "GET /ManageStaffVinMart/thongtincanhan.html HTTP/1.1" 200 19160
0:0:0:0:0:0:0:1 - - [08/Mar/2023:07:54:00 +0700] "GET /ManageStaffVinMart/table-basic.html HTTP/1.1" 200 54159
0:0:0:0:0:0:0:1 - - [08/Mar/2023:07:54:04 +0700] "GET /ManageStaffVinMart/form-basic.html HTTP/1.1" 200 21797
0:0:0:0:0:0:0:1 - - [08/Mar/2023:08:01:08 +0700] "GET /ManageStaffVinMart/form-basic.html HTTP/1.1" 200 21797
127.0.0.1 - - [08/Mar/2023:08:04:22 +0700] "GET / HTTP/1.1" 404 751
0:0:0:0:0:0:0:1 - - [08/Mar/2023:08:04:26 +0700] "GET /ManageStaffVinMart/form-basic.html HTTP/1.1" 200 21797
0:0:0:0:0:0:0:1 - - [08/Mar/2023:08:04:35 +0700] "POST /ManageStaffVinMart/pages-profile/add-salary.html HTTP/1.1" 302 -
0:0:0:0:0:0:0:1 - - [08/Mar/2023:08:04:35 +0700] "GET /ManageStaffVinMart/form-basic.html HTTP/1.1" 200 21797
127.0.0.1 - - [08/Mar/2023:08:08:27 +0700] "GET / HTTP/1.1" 404 751
0:0:0:0:0:0:0:1 - - [08/Mar/2023:08:08:32 +0700] "GET /ManageStaffVinMart/form-basic.html HTTP/1.1" 200 21797
0:0:0:0:0:0:0:1 - - [08/Mar/2023:08:08:42 +0700] "POST /ManageStaffVinMart/pages-profile/add-salary.html HTTP/1.1" 302 -
0:0:0:0:0:0:0:1 - - [08/Mar/2023:08:08:42 +0700] "GET /ManageStaffVinMart/form-basic.html HTTP/1.1" 200 21797
127.0.0.1 - - [08/Mar/2023:08:09:18 +0700] "GET / HTTP/1.1" 404 751
0:0:0:0:0:0:0:1 - - [08/Mar/2023:08:09:20 +0700] "GET /ManageStaffVinMart/form-basic.html HTTP/1.1" 500 20848
0:0:0:0:0:0:0:1 - - [08/Mar/2023:08:09:21 +0700] "GET /ManageStaffVinMart/form-basic.html HTTP/1.1" 500 20848
127.0.0.1 - - [08/Mar/2023:08:09:42 +0700] "GET / HTTP/1.1" 404 751
0:0:0:0:0:0:0:1 - - [08/Mar/2023:08:09:46 +0700] "GET /ManageStaffVinMart/form-basic.html HTTP/1.1" 200 21797
0:0:0:0:0:0:0:1 - - [08/Mar/2023:08:10:11 +0700] "GET /ManageStaffVinMart/form-basic.html HTTP/1.1" 200 21797
0:0:0:0:0:0:0:1 - - [08/Mar/2023:08:10:21 +0700] "POST /ManageStaffVinMart/pages-profile/add-salary.html HTTP/1.1" 302 -
0:0:0:0:0:0:0:1 - - [08/Mar/2023:08:10:21 +0700] "GET /ManageStaffVinMart/form-basic.html HTTP/1.1" 200 21797
127.0.0.1 - - [08/Mar/2023:08:18:28 +0700] "GET / HTTP/1.1" 404 751
0:0:0:0:0:0:0:1 - - [08/Mar/2023:08:18:31 +0700] "GET /ManageStaffVinMart/form-basic.html HTTP/1.1" 200 21797
0:0:0:0:0:0:0:1 - - [08/Mar/2023:08:18:42 +0700] "POST /ManageStaffVinMart/pages-profile/add-salary.html HTTP/1.1" 302 -
0:0:0:0:0:0:0:1 - - [08/Mar/2023:08:18:42 +0700] "GET /ManageStaffVinMart/form-basic.html HTTP/1.1" 200 21797
127.0.0.1 - - [08/Mar/2023:08:29:20 +0700] "GET / HTTP/1.1" 404 751
0:0:0:0:0:0:0:1 - - [08/Mar/2023:08:29:23 +0700] "GET /ManageStaffVinMart/form-basic.html HTTP/1.1" 200 21797
0:0:0:0:0:0:0:1 - - [08/Mar/2023:08:29:33 +0700] "POST /ManageStaffVinMart/pages-profile/add-salary.html HTTP/1.1" 302 -
0:0:0:0:0:0:0:1 - - [08/Mar/2023:08:29:33 +0700] "GET /ManageStaffVinMart/form-basic.html HTTP/1.1" 200 21797
127.0.0.1 - - [08/Mar/2023:08:30:27 +0700] "GET / HTTP/1.1" 404 751
0:0:0:0:0:0:0:1 - - [08/Mar/2023:08:31:49 +0700] "GET /ManageStaffVinMart/form-basic.html HTTP/1.1" 200 21797
0:0:0:0:0:0:0:1 - - [08/Mar/2023:08:31:57 +0700] "POST /ManageStaffVinMart/pages-profile/add-salary.html HTTP/1.1" 302 -
0:0:0:0:0:0:0:1 - - [08/Mar/2023:08:31:57 +0700] "GET /ManageStaffVinMart/form-basic.html HTTP/1.1" 200 21797
0:0:0:0:0:0:0:1 - - [08/Mar/2023:08:32:19 +0700] "GET /ManageStaffVinMart/form-basic.html HTTP/1.1" 200 21797
0:0:0:0:0:0:0:1 - - [08/Mar/2023:08:32:30 +0700] "POST /ManageStaffVinMart/pages-profile/add-salary.html HTTP/1.1" 302 -
0:0:0:0:0:0:0:1 - - [08/Mar/2023:08:32:30 +0700] "GET /ManageStaffVinMart/form-basic.html HTTP/1.1" 200 21797
127.0.0.1 - - [08/Mar/2023:08:38:56 +0700] "GET / HTTP/1.1" 404 751
0:0:0:0:0:0:0:1 - - [08/Mar/2023:08:39:01 +0700] "GET /ManageStaffVinMart/form-basic.html HTTP/1.1" 200 21809
0:0:0:0:0:0:0:1 - - [08/Mar/2023:08:39:11 +0700] "POST /ManageStaffVinMart/pages-profile/add-salary.html HTTP/1.1" 302 -
0:0:0:0:0:0:0:1 - - [08/Mar/2023:08:39:11 +0700] "GET /ManageStaffVinMart/form-basic.html HTTP/1.1" 200 21809
0:0:0:0:0:0:0:1 - - [08/Mar/2023:08:39:44 +0700] "GET /ManageStaffVinMart/form-basic.html HTTP/1.1" 200 21797
127.0.0.1 - - [08/Mar/2023:08:39:52 +0700] "GET / HTTP/1.1" 404 751
0:0:0:0:0:0:0:1 - - [08/Mar/2023:08:39:55 +0700] "GET /ManageStaffVinMart/form-basic.html HTTP/1.1" 200 21797
0:0:0:0:0:0:0:1 - - [08/Mar/2023:08:40:05 +0700] "POST /ManageStaffVinMart/pages-profile/add-salary.html HTTP/1.1" 302 -
0:0:0:0:0:0:0:1 - - [08/Mar/2023:08:40:05 +0700] "GET /ManageStaffVinMart/form-basic.html HTTP/1.1" 200 21797
127.0.0.1 - - [08/Mar/2023:08:40:36 +0700] "GET / HTTP/1.1" 404 751
0:0:0:0:0:0:0:1 - - [08/Mar/2023:08:40:39 +0700] "GET /ManageStaffVinMart/form-basic.html HTTP/1.1" 200 21802
0:0:0:0:0:0:0:1 - - [08/Mar/2023:08:40:49 +0700] "POST /ManageStaffVinMart/pages-profile/add-salary.html HTTP/1.1" 302 -
0:0:0:0:0:0:0:1 - - [08/Mar/2023:08:40:49 +0700] "GET /ManageStaffVinMart/form-basic.html HTTP/1.1" 200 21802
127.0.0.1 - - [08/Mar/2023:08:41:24 +0700] "GET / HTTP/1.1" 404 751
0:0:0:0:0:0:0:1 - - [08/Mar/2023:08:41:27 +0700] "GET /ManageStaffVinMart/form-basic.html HTTP/1.1" 200 21809
0:0:0:0:0:0:0:1 - - [08/Mar/2023:08:41:39 +0700] "POST /ManageStaffVinMart/pages-profile/add-salary.html HTTP/1.1" 302 -
0:0:0:0:0:0:0:1 - - [08/Mar/2023:08:41:39 +0700] "GET /ManageStaffVinMart/form-basic.html HTTP/1.1" 200 21809
127.0.0.1 - - [08/Mar/2023:08:42:09 +0700] "GET / HTTP/1.1" 404 751
0:0:0:0:0:0:0:1 - - [08/Mar/2023:08:42:13 +0700] "GET /ManageStaffVinMart/form-basic.html HTTP/1.1" 200 21797
0:0:0:0:0:0:0:1 - - [08/Mar/2023:08:42:21 +0700] "POST /ManageStaffVinMart/pages-profile/add-salary.html HTTP/1.1" 302 -
0:0:0:0:0:0:0:1 - - [08/Mar/2023:08:42:21 +0700] "GET /ManageStaffVinMart/form-basic.html HTTP/1.1" 200 21797
127.0.0.1 - - [08/Mar/2023:08:45:37 +0700] "GET / HTTP/1.1" 404 751
127.0.0.1 - - [08/Mar/2023:08:46:02 +0700] "GET / HTTP/1.1" 404 751
0:0:0:0:0:0:0:1 - - [08/Mar/2023:08:46:05 +0700] "GET /ManageStaffVinMart/form-basic.html HTTP/1.1" 200 21797
0:0:0:0:0:0:0:1 - - [08/Mar/2023:08:46:18 +0700] "POST /ManageStaffVinMart/pages-profile/add-salary.html HTTP/1.1" 302 -
0:0:0:0:0:0:0:1 - - [08/Mar/2023:08:46:18 +0700] "GET /ManageStaffVinMart/form-basic.html HTTP/1.1" 200 21797
127.0.0.1 - - [08/Mar/2023:08:47:06 +0700] "GET / HTTP/1.1" 404 751
0:0:0:0:0:0:0:1 - - [08/Mar/2023:08:47:10 +0700] "GET /ManageStaffVinMart/form-basic.html HTTP/1.1" 200 21645
0:0:0:0:0:0:0:1 - - [08/Mar/2023:08:47:21 +0700] "POST /ManageStaffVinMart/pages-profile/add-salary.html HTTP/1.1" 302 -
0:0:0:0:0:0:0:1 - - [08/Mar/2023:08:47:21 +0700] "GET /ManageStaffVinMart/form-basic.html HTTP/1.1" 200 21645
127.0.0.1 - - [08/Mar/2023:08:47:48 +0700] "GET / HTTP/1.1" 404 751
0:0:0:0:0:0:0:1 - - [08/Mar/2023:08:47:51 +0700] "GET /ManageStaffVinMart/form-basic.html HTTP/1.1" 200 21645
0:0:0:0:0:0:0:1 - - [08/Mar/2023:08:48:02 +0700] "POST /ManageStaffVinMart/pages-profile/add-salary.html HTTP/1.1" 302 -
0:0:0:0:0:0:0:1 - - [08/Mar/2023:08:48:02 +0700] "GET /ManageStaffVinMart/form-basic.html HTTP/1.1" 200 21645
0:0:0:0:0:0:0:1 - - [08/Mar/2023:08:48:11 +0700] "GET /ManageStaffVinMart/starter-kit.html HTTP/1.1" 200 18941
0:0:0:0:0:0:0:1 - - [08/Mar/2023:08:48:20 +0700] "GET /ManageStaffVinMart/thongbao.html HTTP/1.1" 200 18592
0:0:0:0:0:0:0:1 - - [08/Mar/2023:08:48:21 +0700] "GET /ManageStaffVinMart/table-basic.html HTTP/1.1" 200 54159
127.0.0.1 - - [08/Mar/2023:08:48:46 +0700] "GET / HTTP/1.1" 404 751
0:0:0:0:0:0:0:1 - - [08/Mar/2023:08:48:49 +0700] "GET /ManageStaffVinMart/table-basic.html HTTP/1.1" 200 54159
0:0:0:0:0:0:0:1 - - [08/Mar/2023:08:48:51 +0700] "GET /ManageStaffVinMart/form-basic.html HTTP/1.1" 200 21645
0:0:0:0:0:0:0:1 - - [08/Mar/2023:08:49:01 +0700] "POST /ManageStaffVinMart/pages-profile/add-salary.html HTTP/1.1" 302 -
0:0:0:0:0:0:0:1 - - [08/Mar/2023:08:49:01 +0700] "GET /ManageStaffVinMart/form-basic.html HTTP/1.1" 200 21645
127.0.0.1 - - [08/Mar/2023:08:52:41 +0700] "GET / HTTP/1.1" 404 751
0:0:0:0:0:0:0:1 - - [08/Mar/2023:08:52:44 +0700] "GET /ManageStaffVinMart/form-basic.html HTTP/1.1" 200 21395
0:0:0:0:0:0:0:1 - - [08/Mar/2023:08:52:51 +0700] "POST /ManageStaffVinMart/pages-profile/add-salary.html HTTP/1.1" 302 -
0:0:0:0:0:0:0:1 - - [08/Mar/2023:08:52:51 +0700] "GET /ManageStaffVinMart/form-basic.html HTTP/1.1" 200 21395
0:0:0:0:0:0:0:1 - - [08/Mar/2023:08:53:48 +0700] "GET /ManageStaffVinMart/form-basic.html HTTP/1.1" 200 8206
0:0:0:0:0:0:0:1 - - [08/Mar/2023:08:53:48 +0700] "GET /ManageStaffVinMart/table-basic.html HTTP/1.1" 200 54159
0:0:0:0:0:0:0:1 - - [08/Mar/2023:08:53:50 +0700] "GET /ManageStaffVinMart/thongbao.html HTTP/1.1" 200 18592
0:0:0:0:0:0:0:1 - - [08/Mar/2023:08:53:53 +0700] "GET /ManageStaffVinMart/table-basic.html HTTP/1.1" 200 54159
127.0.0.1 - - [08/Mar/2023:09:17:44 +0700] "GET / HTTP/1.1" 404 751
0:0:0:0:0:0:0:1 - - [08/Mar/2023:09:17:50 +0700] "GET /ManageStaffVinMart/table-basic.html HTTP/1.1" 200 57039
0:0:0:0:0:0:0:1 - - [08/Mar/2023:09:17:51 +0700] "GET /ManageStaffVinMart/form-basic.html HTTP/1.1" 500 17358
127.0.0.1 - - [08/Mar/2023:09:22:23 +0700] "GET / HTTP/1.1" 404 751
0:0:0:0:0:0:0:1 - - [08/Mar/2023:09:22:28 +0700] "GET /ManageStaffVinMart/form-basic.html HTTP/1.1" 500 17358
127.0.0.1 - - [08/Mar/2023:09:25:16 +0700] "GET / HTTP/1.1" 404 751
0:0:0:0:0:0:0:1 - - [08/Mar/2023:09:25:20 +0700] "GET /ManageStaffVinMart/form-basic.html HTTP/1.1" 200 21647
0:0:0:0:0:0:0:1 - - [08/Mar/2023:09:25:47 +0700] "GET /ManageStaffVinMart/table-basic.html HTTP/1.1" 200 57039
127.0.0.1 - - [08/Mar/2023:09:36:53 +0700] "GET / HTTP/1.1" 404 751
0:0:0:0:0:0:0:1 - - [08/Mar/2023:09:36:58 +0700] "GET /ManageStaffVinMart/table-basic.html HTTP/1.1" 200 56822
0:0:0:0:0:0:0:1 - - [08/Mar/2023:09:37:21 +0700] "POST /ManageStaffVinMart/timetable/add-contract.html HTTP/1.1" 302 -
0:0:0:0:0:0:0:1 - - [08/Mar/2023:09:37:21 +0700] "GET /ManageStaffVinMart/table-basic.html HTTP/1.1" 200 56822
127.0.0.1 - - [08/Mar/2023:09:40:21 +0700] "GET / HTTP/1.1" 404 751
0:0:0:0:0:0:0:1 - - [08/Mar/2023:09:40:26 +0700] "GET /ManageStaffVinMart/table-basic.html HTTP/1.1" 200 56822
0:0:0:0:0:0:0:1 - - [08/Mar/2023:09:40:35 +0700] "POST /ManageStaffVinMart/timetable/add-contract.html HTTP/1.1" 302 -
0:0:0:0:0:0:0:1 - - [08/Mar/2023:09:40:35 +0700] "GET /ManageStaffVinMart/table-basic.html HTTP/1.1" 200 56822
0:0:0:0:0:0:0:1 - - [08/Mar/2023:09:42:56 +0700] "GET /ManageStaffVinMart/table-basic.html HTTP/1.1" 200 56822
0:0:0:0:0:0:0:1 - - [08/Mar/2023:09:43:05 +0700] "POST /ManageStaffVinMart/timetable/add-contract.html HTTP/1.1" 302 -
0:0:0:0:0:0:0:1 - - [08/Mar/2023:09:43:05 +0700] "GET /ManageStaffVinMart/table-basic.html HTTP/1.1" 200 56822
127.0.0.1 - - [08/Mar/2023:09:47:04 +0700] "GET / HTTP/1.1" 404 751
0:0:0:0:0:0:0:1 - - [08/Mar/2023:09:47:07 +0700] "GET /ManageStaffVinMart/table-basic.html HTTP/1.1" 200 56822
0:0:0:0:0:0:0:1 - - [08/Mar/2023:09:47:18 +0700] "POST /ManageStaffVinMart/timetable/add-contract.html HTTP/1.1" 302 -
0:0:0:0:0:0:0:1 - - [08/Mar/2023:09:47:18 +0700] "GET /ManageStaffVinMart/table-basic.html HTTP/1.1" 200 56822
0:0:0:0:0:0:0:1 - - [08/Mar/2023:09:47:22 +0700] "POST /ManageStaffVinMart/timetable/add-contract.html HTTP/1.1" 302 -
0:0:0:0:0:0:0:1 - - [08/Mar/2023:09:47:22 +0700] "GET /ManageStaffVinMart/table-basic.html HTTP/1.1" 200 56822
0:0:0:0:0:0:0:1 - - [08/Mar/2023:09:48:28 +0700] "POST /ManageStaffVinMart/timetable/add-contract.html HTTP/1.1" 302 -
0:0:0:0:0:0:0:1 - - [08/Mar/2023:09:48:28 +0700] "GET /ManageStaffVinMart/table-basic.html HTTP/1.1" 200 56822
127.0.0.1 - - [08/Mar/2023:09:56:21 +0700] "GET / HTTP/1.1" 404 751
127.0.0.1 - - [08/Mar/2023:09:56:31 +0700] "GET / HTTP/1.1" 404 751
0:0:0:0:0:0:0:1 - - [08/Mar/2023:09:56:35 +0700] "GET /ManageStaffVinMart/table-basic.html HTTP/1.1" 200 57094
0:0:0:0:0:0:0:1 - - [08/Mar/2023:09:56:44 +0700] "POST /ManageStaffVinMart/timetable/add-contract.html HTTP/1.1" 500 4957
0:0:0:0:0:0:0:1 - - [08/Mar/2023:09:58:29 +0700] "POST /ManageStaffVinMart/timetable/add-contract.html HTTP/1.1" 500 4957
127.0.0.1 - - [08/Mar/2023:09:59:28 +0700] "GET / HTTP/1.1" 404 751
0:0:0:0:0:0:0:1 - - [08/Mar/2023:09:59:31 +0700] "GET /ManageStaffVinMart/table-basic.html HTTP/1.1" 200 57094
0:0:0:0:0:0:0:1 - - [08/Mar/2023:09:59:40 +0700] "POST /ManageStaffVinMart/timetable/add-contract.html HTTP/1.1" 302 -
0:0:0:0:0:0:0:1 - - [08/Mar/2023:09:59:40 +0700] "GET /ManageStaffVinMart/table-basic.html HTTP/1.1" 200 57267
0:0:0:0:0:0:0:1 - - [08/Mar/2023:10:02:39 +0700] "GET /ManageStaffVinMart/homepage1.html HTTP/1.1" 200 19242
0:0:0:0:0:0:0:1 - - [08/Mar/2023:10:02:51 +0700] "GET /ManageStaffVinMart/manageaccount.html HTTP/1.1" 200 26769
0:0:0:0:0:0:0:1 - - [08/Mar/2023:10:03:32 +0700] "GET /ManageStaffVinMart/form-basic.html HTTP/1.1" 200 21647
0:0:0:0:0:0:0:1 - - [08/Mar/2023:10:03:33 +0700] "GET /ManageStaffVinMart/table-basic.html HTTP/1.1" 200 57267
0:0:0:0:0:0:0:1 - - [08/Mar/2023:10:03:37 +0700] "GET /ManageStaffVinMart/thongbao.html HTTP/1.1" 200 18592
127.0.0.1 - - [08/Mar/2023:10:04:30 +0700] "GET / HTTP/1.1" 404 751
0:0:0:0:0:0:0:1 - - [08/Mar/2023:10:04:35 +0700] "GET /ManageStaffVinMart/thongbao.html HTTP/1.1" 200 18592
0:0:0:0:0:0:0:1 - - [08/Mar/2023:10:04:39 +0700] "GET /ManageStaffVinMart/table-basic.html HTTP/1.1" 200 57276
0:0:0:0:0:0:0:1 - - [08/Mar/2023:10:04:54 +0700] "POST /ManageStaffVinMart/timetable/add-contract.html HTTP/1.1" 302 -
0:0:0:0:0:0:0:1 - - [08/Mar/2023:10:04:54 +0700] "GET /ManageStaffVinMart/table-basic.html HTTP/1.1" 200 57276
0:0:0:0:0:0:0:1 - - [08/Mar/2023:10:05:23 +0700] "POST /ManageStaffVinMart/timetable/add-contract.html HTTP/1.1" 302 -
0:0:0:0:0:0:0:1 - - [08/Mar/2023:10:05:23 +0700] "GET /ManageStaffVinMart/table-basic.html HTTP/1.1" 200 57276
127.0.0.1 - - [08/Mar/2023:10:05:46 +0700] "GET / HTTP/1.1" 404 751
0:0:0:0:0:0:0:1 - - [08/Mar/2023:10:05:49 +0700] "GET /ManageStaffVinMart/table-basic.html HTTP/1.1" 200 57267
0:0:0:0:0:0:0:1 - - [08/Mar/2023:10:06:02 +0700] "POST /ManageStaffVinMart/timetable/add-contract.html HTTP/1.1" 302 -
0:0:0:0:0:0:0:1 - - [08/Mar/2023:10:06:02 +0700] "GET /ManageStaffVinMart/table-basic.html HTTP/1.1" 200 57446
0:0:0:0:0:0:0:1 - - [08/Mar/2023:10:08:24 +0700] "GET /ManageStaffVinMart/thongbao.html HTTP/1.1" 200 18592
0:0:0:0:0:0:0:1 - - [08/Mar/2023:10:08:32 +0700] "GET /ManageStaffVinMart/starter-kit.html HTTP/1.1" 200 18941
0:0:0:0:0:0:0:1 - - [08/Mar/2023:10:08:33 +0700] "GET /ManageStaffVinMart/starter-kit.html HTTP/1.1" 200 18941
0:0:0:0:0:0:0:1 - - [08/Mar/2023:10:08:34 +0700] "GET /ManageStaffVinMart/starter-kit.html HTTP/1.1" 200 18941
0:0:0:0:0:0:0:1 - - [08/Mar/2023:10:10:34 +0700] "GET /ManageStaffVinMart/thongtincanhan.html HTTP/1.1" 200 19160
0:0:0:0:0:0:0:1 - - [08/Mar/2023:10:10:35 +0700] "GET /ManageStaffVinMart/starter-kit.html HTTP/1.1" 200 18941
0:0:0:0:0:0:0:1 - - [08/Mar/2023:10:10:35 +0700] "GET /ManageStaffVinMart/thongbao.html HTTP/1.1" 200 18592
0:0:0:0:0:0:0:1 - - [08/Mar/2023:10:10:38 +0700] "GET /ManageStaffVinMart/starter-kit.html HTTP/1.1" 200 18941
0:0:0:0:0:0:0:1 - - [08/Mar/2023:10:10:40 +0700] "GET /ManageStaffVinMart/thongbao.html HTTP/1.1" 200 18592
0:0:0:0:0:0:0:1 - - [08/Mar/2023:10:11:29 +0700] "GET /ManageStaffVinMart/starter-kit.html HTTP/1.1" 200 18941
0:0:0:0:0:0:0:1 - - [08/Mar/2023:10:12:25 +0700] "GET /ManageStaffVinMart/thongbao.html HTTP/1.1" 200 18592
0:0:0:0:0:0:0:1 - - [08/Mar/2023:10:12:48 +0700] "GET /ManageStaffVinMart/table-basic.html HTTP/1.1" 200 57446
0:0:0:0:0:0:0:1 - - [08/Mar/2023:10:12:49 +0700] "GET /ManageStaffVinMart/thongbao.html HTTP/1.1" 200 18592
0:0:0:0:0:0:0:1 - - [08/Mar/2023:10:12:51 +0700] "GET /ManageStaffVinMart/table-basic.html HTTP/1.1" 200 57446
0:0:0:0:0:0:0:1 - - [08/Mar/2023:10:12:53 +0700] "GET /ManageStaffVinMart/thongbao.html HTTP/1.1" 200 18592
0:0:0:0:0:0:0:1 - - [08/Mar/2023:10:12:55 +0700] "GET /ManageStaffVinMart/table-basic.html HTTP/1.1" 200 57446
0:0:0:0:0:0:0:1 - - [08/Mar/2023:10:12:56 +0700] "GET /ManageStaffVinMart/thongbao.html HTTP/1.1" 200 18592
127.0.0.1 - - [08/Mar/2023:10:27:24 +0700] "GET / HTTP/1.1" 404 751
0:0:0:0:0:0:0:1 - - [08/Mar/2023:10:27:30 +0700] "GET /ManageStaffVinMart/thongbao.html HTTP/1.1" 500 8213
127.0.0.1 - - [08/Mar/2023:10:28:09 +0700] "GET / HTTP/1.1" 404 751
0:0:0:0:0:0:0:1 - - [08/Mar/2023:10:28:13 +0700] "GET /ManageStaffVinMart/thongbao.html HTTP/1.1" 200 18592
127.0.0.1 - - [08/Mar/2023:10:33:52 +0700] "GET / HTTP/1.1" 404 751
0:0:0:0:0:0:0:1 - - [08/Mar/2023:10:33:59 +0700] "GET /ManageStaffVinMart/thongbao.html HTTP/1.1" 200 21470
127.0.0.1 - - [08/Mar/2023:10:45:30 +0700] "GET / HTTP/1.1" 404 751
0:0:0:0:0:0:0:1 - - [08/Mar/2023:10:46:21 +0700] "GET /ManageStaffVinMart/thongbao.html HTTP/1.1" 200 21552
127.0.0.1 - - [08/Mar/2023:10:46:51 +0700] "GET / HTTP/1.1" 404 751
0:0:0:0:0:0:0:1 - - [08/Mar/2023:10:46:56 +0700] "GET /ManageStaffVinMart/thongbao.html HTTP/1.1" 200 21550
0:0:0:0:0:0:0:1 - - [08/Mar/2023:10:47:22 +0700] "POST /ManageStaffVinMart/pages-profile/add-thongbao.html HTTP/1.1" 302 -
0:0:0:0:0:0:0:1 - - [08/Mar/2023:10:47:23 +0700] "GET /ManageStaffVinMart/table-basic.html HTTP/1.1" 200 57446
0:0:0:0:0:0:0:1 - - [08/Mar/2023:10:47:31 +0700] "GET /ManageStaffVinMart/thongbao.html HTTP/1.1" 200 21550
127.0.0.1 - - [08/Mar/2023:10:48:11 +0700] "GET / HTTP/1.1" 404 751
127.0.0.1 - - [08/Mar/2023:10:48:33 +0700] "GET / HTTP/1.1" 404 751
0:0:0:0:0:0:0:1 - - [08/Mar/2023:10:48:37 +0700] "GET /ManageStaffVinMart/thongbao.html HTTP/1.1" 200 21554
127.0.0.1 - - [08/Mar/2023:10:49:02 +0700] "GET / HTTP/1.1" 404 751
0:0:0:0:0:0:0:1 - - [08/Mar/2023:10:49:08 +0700] "GET /ManageStaffVinMart/thongbao.html HTTP/1.1" 200 21563
0:0:0:0:0:0:0:1 - - [08/Mar/2023:10:49:18 +0700] "POST /ManageStaffVinMart/pages-profile/add-thongbao.html HTTP/1.1" 302 -
0:0:0:0:0:0:0:1 - - [08/Mar/2023:10:49:18 +0700] "GET /ManageStaffVinMart/thongbao.html HTTP/1.1" 200 21563
127.0.0.1 - - [08/Mar/2023:10:49:52 +0700] "GET / HTTP/1.1" 404 751
0:0:0:0:0:0:0:1 - - [08/Mar/2023:10:49:56 +0700] "GET /ManageStaffVinMart/thongbao.html HTTP/1.1" 200 21563
0:0:0:0:0:0:0:1 - - [08/Mar/2023:10:50:04 +0700] "POST /ManageStaffVinMart/pages-profile/add-thongbao.html HTTP/1.1" 302 -
0:0:0:0:0:0:0:1 - - [08/Mar/2023:10:50:04 +0700] "GET /ManageStaffVinMart/thongbao.html HTTP/1.1" 200 21563
127.0.0.1 - - [08/Mar/2023:10:58:43 +0700] "GET / HTTP/1.1" 404 751
0:0:0:0:0:0:0:1 - - [08/Mar/2023:10:58:54 +0700] "GET /ManageStaffVinMart/thongbao.html HTTP/1.1" 200 21228
0:0:0:0:0:0:0:1 - - [08/Mar/2023:10:59:14 +0700] "POST /ManageStaffVinMart/pages-profile/add-thongbao.html HTTP/1.1" 302 -
0:0:0:0:0:0:0:1 - - [08/Mar/2023:10:59:14 +0700] "GET /ManageStaffVinMart/thongbao.html HTTP/1.1" 200 21228
127.0.0.1 - - [08/Mar/2023:10:59:54 +0700] "GET / HTTP/1.1" 404 751
0:0:0:0:0:0:0:1 - - [08/Mar/2023:10:59:59 +0700] "GET /ManageStaffVinMart/thongbao.html HTTP/1.1" 200 21228
0:0:0:0:0:0:0:1 - - [08/Mar/2023:11:00:12 +0700] "POST /ManageStaffVinMart/pages-profile/add-thongbao.html HTTP/1.1" 302 -
0:0:0:0:0:0:0:1 - - [08/Mar/2023:11:00:13 +0700] "GET /ManageStaffVinMart/thongbao.html HTTP/1.1" 200 21228
127.0.0.1 - - [08/Mar/2023:19:44:16 +0700] "GET / HTTP/1.1" 404 751
0:0:0:0:0:0:0:1 - - [08/Mar/2023:19:44:16 +0700] "GET /ManageStaffVinMart/ HTTP/1.1" 404 774
0:0:0:0:0:0:0:1 - - [08/Mar/2023:19:44:17 +0700] "GET /favicon.ico HTTP/1.1" 404 762
0:0:0:0:0:0:0:1 - - [08/Mar/2023:19:44:20 +0700] "GET /ManageStaffVinMart/home.html HTTP/1.1" 200 3156
0:0:0:0:0:0:0:1 - - [08/Mar/2023:19:44:25 +0700] "POST /ManageStaffVinMart/homepage.html HTTP/1.1" 302 -
0:0:0:0:0:0:0:1 - - [08/Mar/2023:19:44:25 +0700] "GET /ManageStaffVinMart/home.html HTTP/1.1" 200 3156
0:0:0:0:0:0:0:1 - - [08/Mar/2023:19:44:29 +0700] "POST /ManageStaffVinMart/homepage.html HTTP/1.1" 302 -
0:0:0:0:0:0:0:1 - - [08/Mar/2023:19:44:29 +0700] "GET /ManageStaffVinMart/home.html HTTP/1.1" 200 3156
0:0:0:0:0:0:0:1 - - [08/Mar/2023:19:44:33 +0700] "POST /ManageStaffVinMart/homepage.html HTTP/1.1" 200 19242
0:0:0:0:0:0:0:1 - - [08/Mar/2023:19:44:34 +0700] "GET /ManageStaffVinMart/form-basic.html HTTP/1.1" 200 21647
0:0:0:0:0:0:0:1 - - [08/Mar/2023:19:44:38 +0700] "GET /ManageStaffVinMart/table-basic.html HTTP/1.1" 200 57446
0:0:0:0:0:0:0:1 - - [08/Mar/2023:19:44:39 +0700] "GET /ManageStaffVinMart/form-basic.html HTTP/1.1" 200 21647
0:0:0:0:0:0:0:1 - - [08/Mar/2023:19:44:41 +0700] "GET /ManageStaffVinMart/table-basic.html HTTP/1.1" 200 57446
0:0:0:0:0:0:0:1 - - [08/Mar/2023:19:44:47 +0700] "GET /ManageStaffVinMart/thongbao.html HTTP/1.1" 200 21228
0:0:0:0:0:0:0:1 - - [08/Mar/2023:19:44:53 +0700] "GET /ManageStaffVinMart/starter-kit.html HTTP/1.1" 200 18941
0:0:0:0:0:0:0:1 - - [08/Mar/2023:19:44:55 +0700] "GET /ManageStaffVinMart/thongtincanhan.html HTTP/1.1" 200 19160
0:0:0:0:0:0:0:1 - - [08/Mar/2023:19:44:57 +0700] "GET /ManageStaffVinMart/starter-kit.html HTTP/1.1" 200 18941
0:0:0:0:0:0:0:1 - - [08/Mar/2023:19:44:58 +0700] "GET /ManageStaffVinMart/thongbao.html HTTP/1.1" 200 21228
0:0:0:0:0:0:0:1 - - [08/Mar/2023:19:45:12 +0700] "GET /ManageStaffVinMart/table-basic.html HTTP/1.1" 200 57446
0:0:0:0:0:0:0:1 - - [08/Mar/2023:19:45:13 +0700] "GET /ManageStaffVinMart/form-basic.html HTTP/1.1" 200 21647
0:0:0:0:0:0:0:1 - - [08/Mar/2023:19:45:15 +0700] "GET /ManageStaffVinMart/pages-profile.html HTTP/1.1" 200 19910
0:0:0:0:0:0:0:1 - - [08/Mar/2023:19:45:18 +0700] "GET /ManageStaffVinMart/table-basic.html HTTP/1.1" 200 57446
0:0:0:0:0:0:0:1 - - [08/Mar/2023:19:45:24 +0700] "GET /ManageStaffVinMart/starter-kit.html HTTP/1.1" 200 18941
0:0:0:0:0:0:0:1 - - [08/Mar/2023:19:45:26 +0700] "GET /ManageStaffVinMart/thongtincanhan.html HTTP/1.1" 200 19160
0:0:0:0:0:0:0:1 - - [08/Mar/2023:19:45:27 +0700] "GET /ManageStaffVinMart/thongbao.html HTTP/1.1" 200 21228
0:0:0:0:0:0:0:1 - - [08/Mar/2023:19:48:23 +0700] "GET /ManageStaffVinMart/starter-kit.html HTTP/1.1" 200 18941
0:0:0:0:0:0:0:1 - - [08/Mar/2023:19:48:24 +0700] "GET /ManageStaffVinMart/thongtincanhan.html HTTP/1.1" 200 19160
0:0:0:0:0:0:0:1 - - [08/Mar/2023:19:48:25 +0700] "GET /ManageStaffVinMart/starter-kit.html HTTP/1.1" 200 18941
0:0:0:0:0:0:0:1 - - [08/Mar/2023:19:48:39 +0700] "GET /ManageStaffVinMart/thongtincanhan.html HTTP/1.1" 200 19160
0:0:0:0:0:0:0:1 - - [08/Mar/2023:19:48:41 +0700] "GET /ManageStaffVinMart/starter-kit.html HTTP/1.1" 200 18941
0:0:0:0:0:0:0:1 - - [08/Mar/2023:19:48:54 +0700] "GET /ManageStaffVinMart/thongbao.html HTTP/1.1" 200 21228
127.0.0.1 - - [08/Mar/2023:19:50:34 +0700] "GET / HTTP/1.1" 404 751
0:0:0:0:0:0:0:1 - - [08/Mar/2023:19:50:39 +0700] "GET /ManageStaffVinMart/thongbao.html HTTP/1.1" 200 21365
127.0.0.1 - - [08/Mar/2023:19:57:34 +0700] "GET / HTTP/1.1" 404 751
0:0:0:0:0:0:0:1 - - [08/Mar/2023:19:57:38 +0700] "GET /ManageStaffVinMart/thongbao.html HTTP/1.1" 200 23365
0:0:0:0:0:0:0:1 - - [08/Mar/2023:19:57:47 +0700] "POST /ManageStaffVinMart/pages-profile/add-thongbao.html HTTP/1.1" 302 -
0:0:0:0:0:0:0:1 - - [08/Mar/2023:19:57:47 +0700] "GET /ManageStaffVinMart/thongbao.html HTTP/1.1" 200 23365
0:0:0:0:0:0:0:1 - - [08/Mar/2023:19:58:55 +0700] "GET /ManageStaffVinMart/thongbao.html HTTP/1.1" 200 23365
0:0:0:0:0:0:0:1 - - [08/Mar/2023:19:59:05 +0700] "POST /ManageStaffVinMart/pages-profile/add-thongbao.html HTTP/1.1" 302 -
0:0:0:0:0:0:0:1 - - [08/Mar/2023:19:59:05 +0700] "GET /ManageStaffVinMart/thongbao.html HTTP/1.1" 200 23365
0:0:0:0:0:0:0:1 - - [08/Mar/2023:19:59:59 +0700] "POST /ManageStaffVinMart/pages-profile/add-thongbao.html HTTP/1.1" 302 -
0:0:0:0:0:0:0:1 - - [08/Mar/2023:20:00:00 +0700] "GET /ManageStaffVinMart/thongbao.html HTTP/1.1" 200 23365
0:0:0:0:0:0:0:1 - - [08/Mar/2023:20:00:23 +0700] "GET /ManageStaffVinMart/thongbao.html HTTP/1.1" 200 23365
0:0:0:0:0:0:0:1 - - [08/Mar/2023:20:00:27 +0700] "POST /ManageStaffVinMart/pages-profile/add-thongbao.html HTTP/1.1" 302 -
0:0:0:0:0:0:0:1 - - [08/Mar/2023:20:00:27 +0700] "GET /ManageStaffVinMart/thongbao.html HTTP/1.1" 200 23365
0:0:0:0:0:0:0:1 - - [08/Mar/2023:20:00:52 +0700] "POST /ManageStaffVinMart/pages-profile/add-thongbao.html HTTP/1.1" 302 -
0:0:0:0:0:0:0:1 - - [08/Mar/2023:20:00:52 +0700] "GET /ManageStaffVinMart/thongbao.html HTTP/1.1" 200 23365
0:0:0:0:0:0:0:1 - - [08/Mar/2023:20:01:21 +0700] "POST /ManageStaffVinMart/pages-profile/add-thongbao.html HTTP/1.1" 302 -
0:0:0:0:0:0:0:1 - - [08/Mar/2023:20:01:21 +0700] "GET /ManageStaffVinMart/thongbao.html HTTP/1.1" 200 23365
0:0:0:0:0:0:0:1 - - [08/Mar/2023:20:06:04 +0700] "GET /ManageStaffVinMart/thongbao.html HTTP/1.1" 200 23365
0:0:0:0:0:0:0:1 - - [08/Mar/2023:20:06:12 +0700] "POST /ManageStaffVinMart/pages-profile/add-thongbao.html HTTP/1.1" 302 -
0:0:0:0:0:0:0:1 - - [08/Mar/2023:20:06:12 +0700] "GET /ManageStaffVinMart/thongbao.html HTTP/1.1" 200 23365
127.0.0.1 - - [08/Mar/2023:20:20:28 +0700] "GET / HTTP/1.1" 404 751
0:0:0:0:0:0:0:1 - - [08/Mar/2023:20:20:47 +0700] "GET /ManageStaffVinMart/thongbao.html HTTP/1.1" 200 23365
0:0:0:0:0:0:0:1 - - [08/Mar/2023:20:20:51 +0700] "POST /ManageStaffVinMart/pages-profile/add-thongbao.html HTTP/1.1" 302 -
0:0:0:0:0:0:0:1 - - [08/Mar/2023:20:20:51 +0700] "GET /ManageStaffVinMart/thongbao.html HTTP/1.1" 200 23365
127.0.0.1 - - [08/Mar/2023:20:25:08 +0700] "GET / HTTP/1.1" 404 751
0:0:0:0:0:0:0:1 - - [08/Mar/2023:20:26:06 +0700] "GET /ManageStaffVinMart/thongbao.html HTTP/1.1" 500 11591
127.0.0.1 - - [08/Mar/2023:20:26:27 +0700] "GET / HTTP/1.1" 404 751
0:0:0:0:0:0:0:1 - - [08/Mar/2023:20:26:30 +0700] "GET /ManageStaffVinMart/thongbao.html HTTP/1.1" 200 23365
127.0.0.1 - - [08/Mar/2023:20:36:20 +0700] "GET / HTTP/1.1" 404 751
0:0:0:0:0:0:0:1 - - [08/Mar/2023:20:36:24 +0700] "GET /ManageStaffVinMart/thongbao.html HTTP/1.1" 200 22508
127.0.0.1 - - [08/Mar/2023:20:38:07 +0700] "GET / HTTP/1.1" 404 751
0:0:0:0:0:0:0:1 - - [08/Mar/2023:20:38:10 +0700] "GET /ManageStaffVinMart/thongbao.html HTTP/1.1" 200 22508
0:0:0:0:0:0:0:1 - - [08/Mar/2023:20:38:13 +0700] "GET /ManageStaffVinMart/thongbao.html HTTP/1.1" 200 22508
0:0:0:0:0:0:0:1 - - [08/Mar/2023:20:38:15 +0700] "GET /ManageStaffVinMart/thongbao.html HTTP/1.1" 200 22508
127.0.0.1 - - [08/Mar/2023:20:38:30 +0700] "GET / HTTP/1.1" 404 751
0:0:0:0:0:0:0:1 - - [08/Mar/2023:20:38:33 +0700] "GET /ManageStaffVinMart/thongbao.html HTTP/1.1" 200 22508
0:0:0:0:0:0:0:1 - - [08/Mar/2023:20:39:06 +0700] "GET /ManageStaffVinMart/thongbao.html HTTP/1.1" 200 22508
0:0:0:0:0:0:0:1 - - [08/Mar/2023:20:39:09 +0700] "GET /ManageStaffVinMart/pages-profile.html HTTP/1.1" 200 19910
0:0:0:0:0:0:0:1 - - [08/Mar/2023:20:39:15 +0700] "GET /ManageStaffVinMart/form-basic.html HTTP/1.1" 200 21647
0:0:0:0:0:0:0:1 - - [08/Mar/2023:20:39:17 +0700] "GET /ManageStaffVinMart/table-basic.html HTTP/1.1" 200 57446
0:0:0:0:0:0:0:1 - - [08/Mar/2023:20:39:19 +0700] "GET /ManageStaffVinMart/thongbao.html HTTP/1.1" 200 22508
127.0.0.1 - - [08/Mar/2023:20:40:07 +0700] "GET / HTTP/1.1" 404 751
0:0:0:0:0:0:0:1 - - [08/Mar/2023:20:40:10 +0700] "GET /ManageStaffVinMart/thongbao.html HTTP/1.1" 200 22331
0:0:0:0:0:0:0:1 - - [08/Mar/2023:20:40:16 +0700] "GET /ManageStaffVinMart/thongbao.html HTTP/1.1" 200 22331
0:0:0:0:0:0:0:1 - - [08/Mar/2023:20:40:19 +0700] "GET /ManageStaffVinMart/thongbao.html HTTP/1.1" 200 22331
0:0:0:0:0:0:0:1 - - [08/Mar/2023:20:40:20 +0700] "GET /ManageStaffVinMart/thongbao.html HTTP/1.1" 200 22331
127.0.0.1 - - [08/Mar/2023:20:40:49 +0700] "GET / HTTP/1.1" 404 751
0:0:0:0:0:0:0:1 - - [08/Mar/2023:20:40:51 +0700] "GET /ManageStaffVinMart/thongbao.html HTTP/1.1" 200 22154
127.0.0.1 - - [08/Mar/2023:20:41:42 +0700] "GET / HTTP/1.1" 404 751
0:0:0:0:0:0:0:1 - - [08/Mar/2023:20:41:45 +0700] "GET /ManageStaffVinMart/thongbao.html HTTP/1.1" 200 22154
0:0:0:0:0:0:0:1 - - [08/Mar/2023:20:41:47 +0700] "GET /ManageStaffVinMart/thongbao.html HTTP/1.1" 200 22154
127.0.0.1 - - [08/Mar/2023:20:43:13 +0700] "GET / HTTP/1.1" 404 751
0:0:0:0:0:0:0:1 - - [08/Mar/2023:20:43:16 +0700] "GET /ManageStaffVinMart/thongbao.html HTTP/1.1" 200 21957
127.0.0.1 - - [08/Mar/2023:20:44:09 +0700] "GET / HTTP/1.1" 404 751
0:0:0:0:0:0:0:1 - - [08/Mar/2023:20:44:13 +0700] "GET /ManageStaffVinMart/thongbao.html HTTP/1.1" 200 22345
0:0:0:0:0:0:0:1 - - [08/Mar/2023:20:44:19 +0700] "GET /ManageStaffVinMart/table-basic.html HTTP/1.1" 200 57446
0:0:0:0:0:0:0:1 - - [08/Mar/2023:20:44:21 +0700] "GET /ManageStaffVinMart/form-basic.html HTTP/1.1" 200 21647
0:0:0:0:0:0:0:1 - - [08/Mar/2023:20:44:22 +0700] "GET /ManageStaffVinMart/pages-profile.html HTTP/1.1" 200 19910
0:0:0:0:0:0:0:1 - - [08/Mar/2023:20:44:29 +0700] "GET /ManageStaffVinMart/manageaccount.html HTTP/1.1" 200 26769
0:0:0:0:0:0:0:1 - - [08/Mar/2023:20:44:57 +0700] "POST /ManageStaffVinMart/manageaccount/add-account.html HTTP/1.1" 302 -
0:0:0:0:0:0:0:1 - - [08/Mar/2023:20:44:57 +0700] "GET /ManageStaffVinMart/manageaccount.html HTTP/1.1" 200 27310
0:0:0:0:0:0:0:1 - - [08/Mar/2023:20:45:00 +0700] "GET /ManageStaffVinMart/table-basic.html HTTP/1.1" 200 57446
0:0:0:0:0:0:0:1 - - [08/Mar/2023:20:45:01 +0700] "GET /ManageStaffVinMart/thongbao.html HTTP/1.1" 200 22522
0:0:0:0:0:0:0:1 - - [08/Mar/2023:20:45:08 +0700] "GET /ManageStaffVinMart/manageaccount.html HTTP/1.1" 200 27310
0:0:0:0:0:0:0:1 - - [08/Mar/2023:20:45:39 +0700] "POST /ManageStaffVinMart/manageaccount/add-account.html HTTP/1.1" 302 -
0:0:0:0:0:0:0:1 - - [08/Mar/2023:20:45:39 +0700] "GET /ManageStaffVinMart/manageaccount.html HTTP/1.1" 200 27851
0:0:0:0:0:0:0:1 - - [08/Mar/2023:20:45:43 +0700] "GET /ManageStaffVinMart/thongbao.html HTTP/1.1" 200 22699
0:0:0:0:0:0:0:1 - - [08/Mar/2023:20:46:04 +0700] "GET /ManageStaffVinMart/thongtincanhan.html HTTP/1.1" 200 19160
0:0:0:0:0:0:0:1 - - [08/Mar/2023:20:46:07 +0700] "GET /ManageStaffVinMart/starter-kit.html HTTP/1.1" 200 18941
0:0:0:0:0:0:0:1 - - [08/Mar/2023:20:46:08 +0700] "GET /ManageStaffVinMart/thongbao.html HTTP/1.1" 200 22699
0:0:0:0:0:0:0:1 - - [08/Mar/2023:20:46:16 +0700] "GET /ManageStaffVinMart/form-basic.html HTTP/1.1" 200 21647
0:0:0:0:0:0:0:1 - - [08/Mar/2023:20:46:20 +0700] "GET /ManageStaffVinMart/pages-profile.html HTTP/1.1" 200 19910
0:0:0:0:0:0:0:1 - - [08/Mar/2023:20:46:22 +0700] "GET /ManageStaffVinMart/pages-profile.html HTTP/1.1" 200 19910
0:0:0:0:0:0:0:1 - - [08/Mar/2023:20:46:23 +0700] "GET /ManageStaffVinMart/manageaccount.html HTTP/1.1" 200 27851
0:0:0:0:0:0:0:1 - - [08/Mar/2023:20:46:30 +0700] "GET /ManageStaffVinMart/homepage1.html HTTP/1.1" 200 19242
0:0:0:0:0:0:0:1 - - [08/Mar/2023:20:46:30 +0700] "GET /ManageStaffVinMart/manageaccount.html HTTP/1.1" 200 27851
0:0:0:0:0:0:0:1 - - [08/Mar/2023:20:52:50 +0700] "GET /ManageStaffVinMart/starter-kit.html HTTP/1.1" 200 18941
0:0:0:0:0:0:0:1 - - [08/Mar/2023:20:53:09 +0700] "GET /ManageStaffVinMart/thongtincanhan.html HTTP/1.1" 200 19160
0:0:0:0:0:0:0:1 - - [08/Mar/2023:20:53:10 +0700] "GET /ManageStaffVinMart/thongbao.html HTTP/1.1" 200 22699
0:0:0:0:0:0:0:1 - - [08/Mar/2023:20:53:11 +0700] "GET /ManageStaffVinMart/starter-kit.html HTTP/1.1" 200 18941
0:0:0:0:0:0:0:1 - - [08/Mar/2023:20:53:12 +0700] "GET /ManageStaffVinMart/thongtincanhan.html HTTP/1.1" 200 19160
0:0:0:0:0:0:0:1 - - [08/Mar/2023:20:53:13 +0700] "GET /ManageStaffVinMart/thongtincanhan.html HTTP/1.1" 200 19160
0:0:0:0:0:0:0:1 - - [08/Mar/2023:20:54:22 +0700] "GET /ManageStaffVinMart/thongtincanhan.html HTTP/1.1" 200 19160
0:0:0:0:0:0:0:1 - - [08/Mar/2023:20:54:23 +0700] "GET /ManageStaffVinMart/starter-kit.html HTTP/1.1" 200 18941
0:0:0:0:0:0:0:1 - - [08/Mar/2023:20:54:24 +0700] "GET /ManageStaffVinMart/thongtincanhan.html HTTP/1.1" 200 19160
0:0:0:0:0:0:0:1 - - [08/Mar/2023:20:55:27 +0700] "GET /ManageStaffVinMart/homepage1.html HTTP/1.1" 200 19242
0:0:0:0:0:0:0:1 - - [08/Mar/2023:20:55:32 +0700] "GET /ManageStaffVinMart/manageaccount.html HTTP/1.1" 200 27851
0:0:0:0:0:0:0:1 - - [08/Mar/2023:20:55:33 +0700] "GET /ManageStaffVinMart/homepage1.html HTTP/1.1" 200 19242
0:0:0:0:0:0:0:1 - - [08/Mar/2023:20:55:34 +0700] "GET /ManageStaffVinMart/thongtincanhan.html HTTP/1.1" 200 19160
127.0.0.1 - - [08/Mar/2023:21:04:06 +0700] "GET / HTTP/1.1" 404 751
0:0:0:0:0:0:0:1 - - [08/Mar/2023:21:04:11 +0700] "GET /ManageStaffVinMart/thongtincanhan.html HTTP/1.1" 200 18969
0:0:0:0:0:0:0:1 - - [08/Mar/2023:21:04:17 +0700] "GET /ManageStaffVinMart/starter-kit.html HTTP/1.1" 200 18941
0:0:0:0:0:0:0:1 - - [08/Mar/2023:21:04:18 +0700] "GET /ManageStaffVinMart/thongtincanhan.html HTTP/1.1" 200 18969
0:0:0:0:0:0:0:1 - - [08/Mar/2023:21:04:19 +0700] "GET /ManageStaffVinMart/form-basic.html HTTP/1.1" 200 21647
0:0:0:0:0:0:0:1 - - [08/Mar/2023:21:04:21 +0700] "GET /ManageStaffVinMart/pages-profile.html HTTP/1.1" 200 19910
0:0:0:0:0:0:0:1 - - [08/Mar/2023:21:04:24 +0700] "GET /ManageStaffVinMart/home.html HTTP/1.1" 200 3156
127.0.0.1 - - [08/Mar/2023:22:04:38 +0700] "GET / HTTP/1.1" 404 751
0:0:0:0:0:0:0:1 - - [08/Mar/2023:22:04:38 +0700] "GET /ManageStaffVinMart/ HTTP/1.1" 404 774
0:0:0:0:0:0:0:1 - - [08/Mar/2023:22:04:38 +0700] "GET /favicon.ico HTTP/1.1" 404 762
127.0.0.1 - - [08/Mar/2023:22:05:21 +0700] "GET / HTTP/1.1" 404 751
0:0:0:0:0:0:0:1 - - [08/Mar/2023:22:05:24 +0700] "GET /ManageStaffVinMart/ HTTP/1.1" 404 774
0:0:0:0:0:0:0:1 - - [08/Mar/2023:22:05:26 +0700] "GET /ManageStaffVinMart/ HTTP/1.1" 404 774
0:0:0:0:0:0:0:1 - - [08/Mar/2023:22:05:28 +0700] "GET /ManageStaffVinMart/home.html HTTP/1.1" 200 3156
127.0.0.1 - - [08/Mar/2023:22:10:18 +0700] "GET / HTTP/1.1" 404 751
0:0:0:0:0:0:0:1 - - [08/Mar/2023:22:10:23 +0700] "GET /ManageStaffVinMart/home.html HTTP/1.1" 200 3294
127.0.0.1 - - [08/Mar/2023:22:14:24 +0700] "GET / HTTP/1.1" 404 751
0:0:0:0:0:0:0:1 - - [08/Mar/2023:22:14:27 +0700] "GET /ManageStaffVinMart/home.html HTTP/1.1" 500 3852
127.0.0.1 - - [08/Mar/2023:22:15:54 +0700] "GET / HTTP/1.1" 404 751
0:0:0:0:0:0:0:1 - - [08/Mar/2023:22:16:06 +0700] "GET /ManageStaffVinMart/home.html HTTP/1.1" 500 3852
0:0:0:0:0:0:0:1 - - [08/Mar/2023:22:16:07 +0700] "GET /ManageStaffVinMart/home.html HTTP/1.1" 500 6602
0:0:0:0:0:0:0:1 - - [08/Mar/2023:22:16:12 +0700] "GET /ManageStaffVinMart/home.html HTTP/1.1" 500 3852
0:0:0:0:0:0:0:1 - - [08/Mar/2023:22:16:14 +0700] "GET /ManageStaffVinMart/home.html HTTP/1.1" 500 6602
0:0:0:0:0:0:0:1 - - [08/Mar/2023:22:17:39 +0700] "GET /ManageStaffVinMart/home.html HTTP/1.1" 200 3156
0:0:0:0:0:0:0:1 - - [08/Mar/2023:22:17:45 +0700] "POST /ManageStaffVinMart/homepage.html HTTP/1.1" 200 19242
127.0.0.1 - - [08/Mar/2023:22:18:14 +0700] "GET / HTTP/1.1" 404 751
0:0:0:0:0:0:0:1 - - [08/Mar/2023:22:18:17 +0700] "GET /ManageStaffVinMart/home.html HTTP/1.1" 200 3095
0:0:0:0:0:0:0:1 - - [08/Mar/2023:22:18:24 +0700] "POST /ManageStaffVinMart/homepage.html HTTP/1.1" 200 19242
0:0:0:0:0:0:0:1 - - [08/Mar/2023:22:18:27 +0700] "GET /ManageStaffVinMart/home.html HTTP/1.1" 200 3095
127.0.0.1 - - [08/Mar/2023:23:46:26 +0700] "GET / HTTP/1.1" 404 751
0:0:0:0:0:0:0:1 - - [08/Mar/2023:23:46:27 +0700] "GET /ManageStaffVinMart/ HTTP/1.1" 404 774
0:0:0:0:0:0:0:1 - - [08/Mar/2023:23:46:27 +0700] "GET /favicon.ico HTTP/1.1" 404 762
0:0:0:0:0:0:0:1 - - [08/Mar/2023:23:46:31 +0700] "GET /ManageStaffVinMart/home.html HTTP/1.1" 200 3095
0:0:0:0:0:0:0:1 - - [08/Mar/2023:23:46:36 +0700] "POST /ManageStaffVinMart/homepage.html HTTP/1.1" 200 19242
0:0:0:0:0:0:0:1 - - [08/Mar/2023:23:46:38 +0700] "GET /ManageStaffVinMart/manageaccount.html HTTP/1.1" 200 27851
